Component: ARM Compiler 5.06 update 7 (build 960) Tool: armlink [4d3601]

==============================================================================

Section Cross References

    startup_stm32f103xb.o(STACK) refers (Special) to heapauxi.o(.text) for __use_two_region_memory
    startup_stm32f103xb.o(HEAP) refers (Special) to heapauxi.o(.text) for __use_two_region_memory
    startup_stm32f103xb.o(RESET) refers (Special) to heapauxi.o(.text) for __use_two_region_memory
    startup_stm32f103xb.o(RESET) refers to startup_stm32f103xb.o(STACK) for __initial_sp
    startup_stm32f103xb.o(RESET) refers to startup_stm32f103xb.o(.text) for Reset_Handler
    startup_stm32f103xb.o(RESET) refers to stm32f1xx_it.o(i.NMI_Handler) for NMI_Handler
    startup_stm32f103xb.o(RESET) refers to stm32f1xx_it.o(i.HardFault_Handler) for HardFault_Handler
    startup_stm32f103xb.o(RESET) refers to stm32f1xx_it.o(i.MemManage_Handler) for MemManage_Handler
    startup_stm32f103xb.o(RESET) refers to stm32f1xx_it.o(i.BusFault_Handler) for BusFault_Handler
    startup_stm32f103xb.o(RESET) refers to stm32f1xx_it.o(i.UsageFault_Handler) for UsageFault_Handler
    startup_stm32f103xb.o(RESET) refers to stm32f1xx_it.o(i.SVC_Handler) for SVC_Handler
    startup_stm32f103xb.o(RESET) refers to stm32f1xx_it.o(i.DebugMon_Handler) for DebugMon_Handler
    startup_stm32f103xb.o(RESET) refers to stm32f1xx_it.o(i.PendSV_Handler) for PendSV_Handler
    startup_stm32f103xb.o(RESET) refers to stm32f1xx_it.o(i.SysTick_Handler) for SysTick_Handler
    startup_stm32f103xb.o(.text) refers (Special) to heapauxi.o(.text) for __use_two_region_memory
    startup_stm32f103xb.o(.text) refers to system_stm32f1xx.o(i.SystemInit) for SystemInit
    startup_stm32f103xb.o(.text) refers to __main.o(!!!main) for __main
    startup_stm32f103xb.o(.text) refers to startup_stm32f103xb.o(HEAP) for Heap_Mem
    startup_stm32f103xb.o(.text) refers to startup_stm32f103xb.o(STACK) for Stack_Mem
    main.o(i.Debug_Printf) refers to vsnprintf.o(.text) for vsnprintf
    main.o(i.Debug_Printf) refers to stm32f1xx_hal_uart.o(i.HAL_UART_Transmit) for HAL_UART_Transmit
    main.o(i.Debug_Printf) refers to usart.o(.bss) for huart1
    main.o(i.SystemClock_Config) refers to rt_memclr_w.o(.text) for __aeabi_memclr4
    main.o(i.SystemClock_Config) refers to stm32f1xx_hal_rcc.o(i.HAL_RCC_OscConfig) for HAL_RCC_OscConfig
    main.o(i.SystemClock_Config) refers to stm32f1xx_hal_rcc.o(i.HAL_RCC_ClockConfig) for HAL_RCC_ClockConfig
    main.o(i.main) refers to stm32f1xx_hal.o(i.HAL_Init) for HAL_Init
    main.o(i.main) refers to main.o(i.SystemClock_Config) for SystemClock_Config
    main.o(i.main) refers to gpio.o(i.MX_GPIO_Init) for MX_GPIO_Init
    main.o(i.main) refers to i2c.o(i.MX_I2C1_Init) for MX_I2C1_Init
    main.o(i.main) refers to usart.o(i.MX_USART1_UART_Init) for MX_USART1_UART_Init
    main.o(i.main) refers to stepper.o(i.Stepper_Init) for Stepper_Init
    main.o(i.main) refers to stm32f1xx_hal.o(i.HAL_Delay) for HAL_Delay
    main.o(i.main) refers to ds3231.o(i.DS3231_IsReady) for DS3231_IsReady
    main.o(i.main) refers to main.o(i.Debug_Printf) for Debug_Printf
    main.o(i.main) refers to ds3231.o(i.DS3231_ReadTime) for DS3231_ReadTime
    main.o(i.main) refers to stm32f1xx_hal.o(i.HAL_GetTick) for HAL_GetTick
    main.o(i.main) refers to stepper.o(i.Stepper_Forward) for Stepper_Forward
    main.o(i.main) refers to main.o(.data) for .data
    gpio.o(i.MX_GPIO_Init) refers to stm32f1xx_hal_gpio.o(i.HAL_GPIO_WritePin) for HAL_GPIO_WritePin
    gpio.o(i.MX_GPIO_Init) refers to stm32f1xx_hal_gpio.o(i.HAL_GPIO_Init) for HAL_GPIO_Init
    i2c.o(i.HAL_I2C_MspDeInit) refers to stm32f1xx_hal_gpio.o(i.HAL_GPIO_DeInit) for HAL_GPIO_DeInit
    i2c.o(i.HAL_I2C_MspInit) refers to stm32f1xx_hal_gpio.o(i.HAL_GPIO_Init) for HAL_GPIO_Init
    i2c.o(i.MX_I2C1_Init) refers to stm32f1xx_hal_i2c.o(i.HAL_I2C_Init) for HAL_I2C_Init
    i2c.o(i.MX_I2C1_Init) refers to main.o(i.Error_Handler) for Error_Handler
    i2c.o(i.MX_I2C1_Init) refers to i2c.o(.bss) for .bss
    usart.o(i.HAL_UART_MspDeInit) refers to stm32f1xx_hal_gpio.o(i.HAL_GPIO_DeInit) for HAL_GPIO_DeInit
    usart.o(i.HAL_UART_MspInit) refers to stm32f1xx_hal_gpio.o(i.HAL_GPIO_Init) for HAL_GPIO_Init
    usart.o(i.MX_USART1_UART_Init) refers to stm32f1xx_hal_uart.o(i.HAL_UART_Init) for HAL_UART_Init
    usart.o(i.MX_USART1_UART_Init) refers to main.o(i.Error_Handler) for Error_Handler
    usart.o(i.MX_USART1_UART_Init) refers to usart.o(.bss) for .bss
    stm32f1xx_it.o(i.SysTick_Handler) refers to stm32f1xx_hal.o(i.HAL_IncTick) for HAL_IncTick
    stepper.o(i.Stepper_Forward) refers to stepper.o(i.Stepper_Output) for Stepper_Output
    stepper.o(i.Stepper_Forward) refers to stm32f1xx_hal.o(i.HAL_Delay) for HAL_Delay
    stepper.o(i.Stepper_Forward) refers to stepper.o(i.Stepper_Release) for Stepper_Release
    stepper.o(i.Stepper_Init) refers to stepper.o(i.Stepper_Release) for Stepper_Release
[...]
    ../fplib/printf2b.s                      0x00000000   Number         0  printf2b.o ABSOLUTE
    ../fplib/usenofp.s                       0x00000000   Number         0  usenofp.o ABSOLUTE
    ../mathlib/fpclassify.c                  0x00000000   Number         0  fpclassify.o ABSOLUTE
    ..\Core\Src\ds3231.c                     0x00000000   Number         0  ds3231.o ABSOLUTE
    ..\Core\Src\gpio.c                       0x00000000   Number         0  gpio.o ABSOLUTE
    ..\Core\Src\i2c.c                        0x00000000   Number         0  i2c.o ABSOLUTE
    ..\Core\Src\main.c                       0x00000000   Number         0  main.o ABSOLUTE
    ..\Core\Src\stepper.c                    0x00000000   Number         0  stepper.o ABSOLUTE
    ..\Core\Src\stm32f1xx_hal_msp.c          0x00000000   Number         0  stm32f1xx_hal_msp.o ABSOLUTE
    ..\Core\Src\stm32f1xx_it.c               0x00000000   Number         0  stm32f1xx_it.o ABSOLUTE
    ..\Core\Src\system_stm32f1xx.c           0x00000000   Number         0  system_stm32f1xx.o ABSOLUTE
    ..\Core\Src\usart.c                      0x00000000   Number         0  usart.o ABSOLUTE
    ..\Drivers\STM32F1xx_HAL_Driver\Src\stm32f1xx_hal.c 0x00000000   Number         0  stm32f1xx_hal.o ABSOLUTE
    ..\Drivers\STM32F1xx_HAL_Driver\Src\stm32f1xx_hal_cortex.c 0x00000000   Number         0  stm32f1xx_hal_cortex.o ABSOLUTE
    ..\Drivers\STM32F1xx_HAL_Driver\Src\stm32f1xx_hal_dma.c 0x00000000   Number         0  stm32f1xx_hal_dma.o ABSOLUTE
    ..\Drivers\STM32F1xx_HAL_Driver\Src\stm32f1xx_hal_exti.c 0x00000000   Number         0  stm32f1xx_hal_exti.o ABSOLUTE
    ..\Drivers\STM32F1xx_HAL_Driver\Src\stm32f1xx_hal_flash.c 0x00000000   Number         0  stm32f1xx_hal_flash.o ABSOLUTE
    ..\Drivers\STM32F1xx_HAL_Driver\Src\stm32f1xx_hal_flash_ex.c 0x00000000   Number         0  stm32f1xx_hal_flash_ex.o ABSOLUTE
    ..\Drivers\STM32F1xx_HAL_Driver\Src\stm32f1xx_hal_gpio.c 0x00000000   Number         0  stm32f1xx_hal_gpio.o ABSOLUTE
    ..\Drivers\STM32F1xx_HAL_Driver\Src\stm32f1xx_hal_gpio_ex.c 0x00000000   Number         0  stm32f1xx_hal_gpio_ex.o ABSOLUTE
    ..\Drivers\STM32F1xx_HAL_Driver\Src\stm32f1xx_hal_i2c.c 0x00000000   Number         0  stm32f1xx_hal_i2c.o ABSOLUTE
    ..\Drivers\STM32F1xx_HAL_Driver\Src\stm32f1xx_hal_pwr.c 0x00000000   Number         0  stm32f1xx_hal_pwr.o ABSOLUTE
    ..\Drivers\STM32F1xx_HAL_Driver\Src\stm32f1xx_hal_rcc.c 0x00000000   Number         0  stm32f1xx_hal_rcc.o ABSOLUTE
    ..\Drivers\STM32F1xx_HAL_Driver\Src\stm32f1xx_hal_rcc_ex.c 0x00000000   Number         0  stm32f1xx_hal_rcc_ex.o ABSOLUTE
    ..\Drivers\STM32F1xx_HAL_Driver\Src\stm32f1xx_hal_uart.c 0x00000000   Number         0  stm32f1xx_hal_uart.o ABSOLUTE
    ..\\Core\\Src\\ds3231.c                  0x00000000   Number         0  ds3231.o ABSOLUTE
    ..\\Core\\Src\\stepper.c                 0x00000000   Number         0  stepper.o ABSOLUTE
    dc.s                                     0x00000000   Number         0  dc.o ABSOLUTE
    startup_stm32f103xb.s                    0x00000000   Number         0  startup_stm32f103xb.o ABSOLUTE
    RESET                                    0x08000000   Section      236  startup_stm32f103xb.o(RESET)
    !!!main                                  0x080000ec   Section        8  __main.o(!!!main)
    !!!scatter                               0x080000f4   Section       52  __scatter.o(!!!scatter)
    !!handler_copy                           0x08000128   Section       26  __scatter_copy.o(!!handler_copy)
    !!handler_zi                             0x08000144   Section       28  __scatter_zi.o(!!handler_zi)
    .ARM.Collect$$_printf_percent$$00000000  0x08000160   Section        0  _printf_percent.o(.ARM.Collect$$_printf_percent$$00000000)
    .ARM.Collect$$_printf_percent$$00000001  0x08000160   Section        6  _printf_n.o(.ARM.Collect$$_printf_percent$$00000001)
    .ARM.Collect$$_printf_percent$$00000002  0x08000166   Section        6  _printf_p.o(.ARM.Collect$$_printf_percent$$00000002)
    .ARM.Collect$$_printf_percent$$00000003  0x0800016c   Section        6  _printf_f.o(.ARM.Collect$$_printf_percent$$00000003)
    .ARM.Collect$$_printf_percent$$00000004  0x08000172   Section        6  _printf_e.o(.ARM.Collect$$_printf_percent$$00000004)
    .ARM.Collect$$_printf_percent$$00000005  0x08000178   Section        6  _printf_g.o(.ARM.Collect$$_printf_percent$$00000005)
    .ARM.Collect$$_printf_percent$$00000006  0x0800017e   Section        6  _printf_a.o(.ARM.Collect$$_printf_percent$$00000006)
    .ARM.Collect$$_printf_percent$$00000007  0x08000184   Section       10  _printf_ll.o(.ARM.Collect$$_printf_percent$$00000007)
    .ARM.Collect$$_printf_percent$$00000008  0x0800018e   Section        6  _printf_i.o(.ARM.Collect$$_printf_percent$$00000008)
    .ARM.Collect$$_printf_percent$$00000009  0x08000194   Section        6  _printf_d.o(.ARM.Collect$$_printf_percent$$00000009)
    .ARM.Collect$$_printf_percent$$0000000A  0x0800019a   Section        6  _printf_u.o(.ARM.Collect$$_printf_percent$$0000000A)
    .ARM.Collect$$_printf_percent$$0000000B  0x080001a0   Section        6  _printf_o.o(.ARM.Collect$$_printf_percent$$0000000B)
    .ARM.Collect$$_printf_percent$$0000000C  0x080001a6   Section        6  _printf_x.o(.ARM.Collect$$_printf_percent$$0000000C)
    .ARM.Collect$$_printf_percent$$0000000D  0x080001ac   Section        6  _printf_lli.o(.ARM.Collect$$_printf_percent$$0000000D)
    .ARM.Collect$$_printf_percent$$0000000E  0x080001b2   Section        6  _printf_lld.o(.ARM.Collect$$_printf_percent$$0000000E)
    .ARM.Collect$$_printf_percent$$0000000F  0x080001b8   Section        6  _printf_llu.o(.ARM.Collect$$_printf_percent$$0000000F)
    .ARM.Collect$$_printf_percent$$00000010  0x080001be   Section        6  _printf_llo.o(.ARM.Collect$$_printf_percent$$00000010)
    .ARM.Collect$$_printf_percent$$00000011  0x080001c4   Section        6  _printf_llx.o(.ARM.Collect$$_printf_percent$$00000011)
    .ARM.Collect$$_printf_percent$$00000012  0x080001ca   Section       10  _printf_l.o(.ARM.Collect$$_printf_percent$$00000012)
    .ARM.Collect$$_printf_percent$$00000013  0x080001d4   Section        6  _printf_c.o(.ARM.Collect$$_printf_percent$$00000013)
    .ARM.Collect$$_printf_percent$$00000014  0x080001da   Section        6  _printf_s.o(.ARM.Collect$$_printf_percent$$00000014)
    .ARM.Collect$$_printf_percent$$00000015  0x080001e0   Section        6  _printf_lc.o(.ARM.Collect$$_printf_percent$$00000015)
    .ARM.Collect$$_printf_percent$$00000016  0x080001e6   Section        6  _printf_ls.o(.ARM.Collect$$_printf_percent$$00000016)
    .ARM.Collect$$_printf_percent$$00000017  0x080001ec   Section        4  _printf_percent_end.o(.ARM.Collect$$_printf_percent$$00000017)
    .ARM.Collect$$libinit$$00000000          0x080001f0   Section        2  libinit.o(.ARM.Collect$$libinit$$00000000)
    .ARM.Collect$$libinit$$00000002          0x080001f2   Section        0  libinit2.o(.ARM.Collect$$libinit$$00000002)
    .ARM.Collect$$libinit$$00000004          0x080001f2   Section        0  libinit2.o(.ARM.Collect$$libinit$$00000004)
    .ARM.Collect$$libinit$$0000000A          0x080001f2   Section        0  libinit2.o(.ARM.Collect$$libinit$$0000000A)
    .ARM.Collect$$libinit$$0000000C          0x080001f2   Section        0  libinit2.o(.ARM.Collect$$libinit$$0000000C)
    .ARM.Collect$$libinit$$0000000E          0x080001f2   Section        0  libinit2.o(.ARM.Collect$$libinit$$0000000E)
    .ARM.Collect$$libinit$$0000000F          0x080001f2   Section        6  libinit2.o(.ARM.Collect$$libinit$$0000000F)
    .ARM.Collect$$libinit$$00000011          0x080001f8   Section        0  libinit2.o(.ARM.Collect$$libinit$$00000011)
    .ARM.Collect$$libinit$$00000012          0x080001f8   Section       12  libinit2.o(.ARM.Collect$$libinit$$00000012)
    .ARM.Collect$$libinit$$00000013          0x08000204   Section        0  libinit2.o(.ARM.Collect$$libinit$$00000013)
    .ARM.Collect$$libinit$$00000015          0x08000204   Section        0  libinit2.o(.ARM.Collect$$libinit$$00000015)
    .ARM.Collect$$libinit$$00000016          0x08000204   Section       10  libinit2.o(.ARM.Collect$$libinit$$00000016)
    .ARM.Collect$$libinit$$00000017          0x0800020e   Section        0  libinit2.o(.ARM.Collect$$libinit$$00000017)
    .ARM.Collect$$libinit$$00000019          0x0800020e   Section        0  libinit2.o(.ARM.Collect$$libinit$$00000019)
    .ARM.Collect$$libinit$$0000001B          0x0800020e   Section        0  libinit2.o(.ARM.Collect$$libinit$$0000001B)
    .ARM.Collect$$libinit$$0000001D          0x0800020e   Section        0  libinit2.o(.ARM.Collect$$libinit$$0000001D)
    .ARM.Collect$$libinit$$0000001F          0x0800020e   Section        0  libinit2.o(.ARM.Collect$$libinit$$0000001F)
    .ARM.Collect$$libinit$$00000021          0x0800020e   Section        0  libinit2.o(.ARM.Collect$$libinit$$00000021)
    .ARM.Collect$$libinit$$00000023          0x0800020e   Section        0  libinit2.o(.ARM.Collect$$libinit$$00000023)
    .ARM.Collect$$libinit$$00000025          0x0800020e   Section        0  libinit2.o(.ARM.Collect$$libinit$$00000025)
    .ARM.Collect$$libinit$$0000002C          0x0800020e   Section        0  libinit2.o(.ARM.Collect$$libinit$$0000002C)
    .ARM.Collect$$libinit$$0000002E          0x0800020e   Section        0  libinit2.o(.ARM.Collect$$libinit$$0000002E)
    .ARM.Collect$$libinit$$00000030          0x0800020e   Section        0  libinit2.o(.ARM.Collect$$libinit$$00000030)
    .ARM.Collect$$libinit$$00000032          0x0800020e   Section        0  libinit2.o(.ARM.Collect$$libinit$$00000032)
    .ARM.Collect$$libinit$$00000033          0x0800020e   Section        2  libinit2.o(.ARM.Collect$$libinit$$00000033)
    .ARM.Collect$$libshutdown$$00000000      0x08000210   Section        2  libshutdown.o(.ARM.Collect$$libshutdown$$00000000)
    .ARM.Collect$$libshutdown$$00000002      0x08000212   Section        0  libshutdown2.o(.ARM.Collect$$libshutdown$$00000002)
    .ARM.Collect$$libshutdown$$00000004      0x08000212   Section        0  libshutdown2.o(.ARM.Collect$$libshutdown$$00000004)
    .ARM.Collect$$libshutdown$$00000006      0x08000212   Section        0  libshutdown2.o(.ARM.Collect$$libshutdown$$00000006)
    .ARM.Collect$$libshutdown$$00000009      0x08000212   Section        0  libshutdown2.o(.ARM.Collect$$libshutdown$$00000009)
    .ARM.Collect$$libshutdown$$0000000C      0x08000212   Section        0  libshutdown2.o(.ARM.Collect$$libshutdown$$0000000C)
    .ARM.Collect$$libshutdown$$0000000E      0x08000212   Section        0  libshutdown2.o(.ARM.Collect$$libshutdown$$0000000E)
    .ARM.Collect$$libshutdown$$00000011      0x08000212   Section        0  libshutdown2.o(.ARM.Collect$$libshutdown$$00000011)
    .ARM.Collect$$libshutdown$$00000012      0x08000212   Section        2  libshutdown2.o(.ARM.Collect$$libshutdown$$00000012)
    .ARM.Collect$$rtentry$$00000000          0x08000214   Section        0  __rtentry.o(.ARM.Collect$$rtentry$$00000000)
    .ARM.Collect$$rtentry$$00000002          0x08000214   Section        0  __rtentry2.o(.ARM.Collect$$rtentry$$00000002)
    .ARM.Collect$$rtentry$$00000004          0x08000214   Section        6  __rtentry4.o(.ARM.Collect$$rtentry$$00000004)
    .ARM.Collect$$rtentry$$00000009          0x0800021a   Section        0  __rtentry2.o(.ARM.Collect$$rtentry$$00000009)
    .ARM.Collect$$rtentry$$0000000A          0x0800021a   Section        4  __rtentry2.o(.ARM.Collect$$rtentry$$0000000A)
    .ARM.Collect$$rtentry$$0000000C          0x0800021e   Section        0  __rtentry2.o(.ARM.Collect$$rtentry$$0000000C)
    .ARM.Collect$$rtentry$$0000000D          0x0800021e   Section        8  __rtentry2.o(.ARM.Collect$$rtentry$$0000000D)
    .ARM.Collect$$rtexit$$00000000           0x08000226   Section        2  rtexit.o(.ARM.Collect$$rtexit$$00000000)
    .ARM.Collect$$rtexit$$00000002           0x08000228   Section        0  rtexit2.o(.ARM.Collect$$rtexit$$00000002)
    .ARM.Collect$$rtexit$$00000003           0x08000228   Section        4  rtexit2.o(.ARM.Collect$$rtexit$$00000003)
    .ARM.Collect$$rtexit$$00000004           0x0800022c   Section        6  rtexit2.o(.ARM.Collect$$rtexit$$00000004)
    .text                                    0x08000234   Section       64  startup_stm32f103xb.o(.text)
    .text                                    0x08000274   Section        0  vsnprintf.o(.text)
    .text                                    0x080002a8   Section       78  rt_memclr_w.o(.text)
    .text                                    0x080002f6   Section        0  heapauxi.o(.text)
    .text                                    0x080002fc   Section        0  _printf_pad.o(.text)
    .text                                    0x0800034a   Section        0  _printf_truncate.o(.text)
    .text                                    0x0800036e   Section        0  _printf_str.o(.text)
    .text                                    0x080003c0   Section        0  _printf_dec.o(.text)
    .text                                    0x08000438   Section        0  _printf_charcount.o(.text)
    .text                                    0x08000460   Section        0  _printf_char_common.o(.text)
    _printf_input_char                       0x08000461   Thumb Code    10  _printf_char_common.o(.text)
    .text                                    0x08000490   Section        0  _sputc.o(.text)
    .text                                    0x0800049a   Section        0  _snputc.o(.text)
    .text                                    0x080004ac   Section        0  _printf_wctomb.o(.text)
    .text                                    0x08000568   Section        0  _printf_longlong_dec.o(.text)
    .text                                    0x080005e4   Section        0  _printf_oct_int_ll.o(.text)
    _printf_longlong_oct_internal            0x080005e5   Thumb Code     0  _printf_oct_int_ll.o(.text)
    .text                                    0x08000654   Section        0  _printf_hex_int_ll_ptr.o(.text)
    _printf_hex_common                       0x08000655   Thumb Code     0  _printf_hex_int_ll_ptr.o(.text)
    .text                                    0x080006e8   Section        0  __printf_flags_ss_wp.o(.text)
    .text                                    0x08000870   Section      138  lludiv10.o(.text)
    .text                                    0x080008fa   Section        0  _printf_intcommon.o(.text)
    .text                                    0x080009ac   Section        0  _printf_fp_dec.o(.text)
    _fp_digits                               0x080009af   Thumb Code   432  _printf_fp_dec.o(.text)
    .text                                    0x08000dcc   Section        0  _printf_fp_hex.o(.text)
    .text                                    0x080010c8   Section        0  _printf_char.o(.text)
    .text                                    0x080010f4   Section        0  _printf_wchar.o(.text)
    .text                                    0x08001120   Section        0  _wcrtomb.o(.text)
    .text                                    0x08001160   Section       74  sys_stackheap_outer.o(.text)
    .text                                    0x080011ac   Section       16  rt_ctype_table.o(.text)
    .text                                    0x080011bc   Section        8  rt_locale_intlibspace.o(.text)
    .text                                    0x080011c4   Section        0  _printf_fp_infnan.o(.text)
    .text                                    0x08001244   Section        0  bigflt0.o(.text)
    .text                                    0x08001328   Section        0  exit.o(.text)
    .text                                    0x0800133c   Section        8  libspace.o(.text)
    .text                                    0x08001344   Section      128  strcmpv7m.o(.text)
    .text                                    0x080013c4   Section        0  sys_exit.o(.text)
    .text                                    0x080013d0   Section        2  use_no_semi.o(.text)
    .text                                    0x080013d2   Section        0  indicate_semi.o(.text)
    CL$$btod_d2e                             0x080013d2   Section       62  btod.o(CL$$btod_d2e)
    CL$$btod_d2e_denorm_low                  0x08001410   Section       70  btod.o(CL$$btod_d2e_denorm_low)
    CL$$btod_d2e_norm_op1                    0x08001456   Section       96  btod.o(CL$$btod_d2e_norm_op1)
    CL$$btod_div_common                      0x080014b6   Section      824  btod.o(CL$$btod_div_common)
    CL$$btod_e2e                             0x080017ee   Section      220  btod.o(CL$$btod_e2e)
    CL$$btod_ediv                            0x080018ca   Section       42  btod.o(CL$$btod_ediv)
    CL$$btod_emul                            0x080018f4   Section       42  btod.o(CL$$btod_emul)
    CL$$btod_mult_common                     0x0800191e   Section      580  btod.o(CL$$btod_mult_common)
    i.BCDToDec                               0x08001b62   Section        0  ds3231.o(i.BCDToDec)
    BCDToDec                                 0x08001b63   Thumb Code    18  ds3231.o(i.BCDToDec)
    i.BusFault_Handler                       0x08001b74   Section        0  stm32f1xx_it.o(i.BusFault_Handler)
    i.DS3231_IsReady                         0x08001b78   Section        0  ds3231.o(i.DS3231_IsReady)
    i.DS3231_ReadTime                        0x08001b88   Section        0  ds3231.o(i.DS3231_ReadTime)
    i.DebugMon_Handler                       0x08001c3c   Section        0  stm32f1xx_it.o(i.DebugMon_Handler)
    i.Debug_Printf                           0x08001c40   Section        0  main.o(i.Debug_Printf)
    Debug_Printf                             0x08001c41   Thumb Code    48  main.o(i.Debug_Printf)
    i.Error_Handler                          0x08001c74   Section        0  main.o(i.Error_Handler)
    i.HAL_Delay                              0x08001c78   Section        0  stm32f1xx_hal.o(i.HAL_Delay)
    i.HAL_GPIO_Init                          0x08001c9c   Section        0  stm32f1xx_hal_gpio.o(i.HAL_GPIO_Init)
    i.HAL_GPIO_WritePin                      0x08001e7c   Section        0  stm32f1xx_hal_gpio.o(i.HAL_GPIO_WritePin)
    i.HAL_GetTick                            0x08001e88   Section        0  stm32f1xx_hal.o(i.HAL_GetTick)
    i.HAL_I2C_Init                           0x08001e94   Section        0  stm32f1xx_hal_i2c.o(i.HAL_I2C_Init)
    i.HAL_I2C_IsDeviceReady                  0x0800201c   Section        0  stm32f1xx_hal_i2c.o(i.HAL_I2C_IsDeviceReady)
    i.HAL_I2C_Mem_Read                       0x08002188   Section        0  stm32f1xx_hal_i2c.o(i.HAL_I2C_Mem_Read)
    i.HAL_I2C_MspInit                        0x080023e4   Section        0  i2c.o(i.HAL_I2C_MspInit)
    i.HAL_IncTick                            0x08002440   Section        0  stm32f1xx_hal.o(i.HAL_IncTick)
    i.HAL_Init                               0x08002450   Section        0  stm32f1xx_hal.o(i.HAL_Init)
    i.HAL_InitTick                           0x08002474   Section        0  stm32f1xx_hal.o(i.HAL_InitTick)
    i.HAL_MspInit                            0x080024b4   Section        0  stm32f1xx_hal_msp.o(i.HAL_MspInit)
    i.HAL_NVIC_SetPriority                   0x080024f0   Section        0  stm32f1xx_hal_cortex.o(i.HAL_NVIC_SetPriority)
    i.HAL_NVIC_SetPriorityGrouping           0x08002530   Section        0  stm32f1xx_hal_cortex.o(i.HAL_NVIC_SetPriorityGrouping)
    i.HAL_RCC_ClockConfig                    0x08002554   Section        0  stm32f1xx_hal_rcc.o(i.HAL_RCC_ClockConfig)
    i.HAL_RCC_GetPCLK1Freq                   0x08002680   Section        0  stm32f1xx_hal_rcc.o(i.HAL_RCC_GetPCLK1Freq)
    i.HAL_RCC_GetPCLK2Freq                   0x080026a0   Section        0  stm32f1xx_hal_rcc.o(i.HAL_RCC_GetPCLK2Freq)
    i.HAL_RCC_GetSysClockFreq                0x080026c0   Section        0  stm32f1xx_hal_rcc.o(i.HAL_RCC_GetSysClockFreq)
    i.HAL_RCC_OscConfig                      0x0800270c   Section        0  stm32f1xx_hal_rcc.o(i.HAL_RCC_OscConfig)
    i.HAL_SYSTICK_Config                     0x08002a2c   Section        0  stm32f1xx_hal_cortex.o(i.HAL_SYSTICK_Config)
    i.HAL_UART_Init                          0x08002a54   Section        0  stm32f1xx_hal_uart.o(i.HAL_UART_Init)
    i.HAL_UART_MspInit                       0x08002ab8   Section        0  usart.o(i.HAL_UART_MspInit)
    i.HAL_UART_Transmit                      0x08002b28   Section        0  stm32f1xx_hal_uart.o(i.HAL_UART_Transmit)
    i.HardFault_Handler                      0x08002bc8   Section        0  stm32f1xx_it.o(i.HardFault_Handler)
    i.I2C_IsAcknowledgeFailed                0x08002bca   Section        0  stm32f1xx_hal_i2c.o(i.I2C_IsAcknowledgeFailed)
    I2C_IsAcknowledgeFailed                  0x08002bcb   Thumb Code    46  stm32f1xx_hal_i2c.o(i.I2C_IsAcknowledgeFailed)
    i.I2C_RequestMemoryRead                  0x08002bf8   Section        0  stm32f1xx_hal_i2c.o(i.I2C_RequestMemoryRead)
    I2C_RequestMemoryRead                    0x08002bf9   Thumb Code   246  stm32f1xx_hal_i2c.o(i.I2C_RequestMemoryRead)
    i.I2C_WaitOnFlagUntilTimeout             0x08002cf4   Section        0  stm32f1xx_hal_i2c.o(i.I2C_WaitOnFlagUntilTimeout)
    I2C_WaitOnFlagUntilTimeout               0x08002cf5   Thumb Code   144  stm32f1xx_hal_i2c.o(i.I2C_WaitOnFlagUntilTimeout)
    i.I2C_WaitOnMasterAddressFlagUntilTimeout 0x08002d84   Section        0  stm32f1xx_hal_i2c.o(i.I2C_WaitOnMasterAddressFlagUntilTimeout)
    I2C_WaitOnMasterAddressFlagUntilTimeout  0x08002d85   Thumb Code   188  stm32f1xx_hal_i2c.o(i.I2C_WaitOnMasterAddressFlagUntilTimeout)
    i.I2C_WaitOnRXNEFlagUntilTimeout         0x08002e40   Section        0  stm32f1xx_hal_i2c.o(i.I2C_WaitOnRXNEFlagUntilTimeout)
    I2C_WaitOnRXNEFlagUntilTimeout           0x08002e41   Thumb Code   112  stm32f1xx_hal_i2c.o(i.I2C_WaitOnRXNEFlagUntilTimeout)
    i.I2C_WaitOnTXEFlagUntilTimeout          0x08002eb0   Section        0  stm32f1xx_hal_i2c.o(i.I2C_WaitOnTXEFlagUntilTimeout)
    I2C_WaitOnTXEFlagUntilTimeout            0x08002eb1   Thumb Code    86  stm32f1xx_hal_i2c.o(i.I2C_WaitOnTXEFlagUntilTimeout)
    i.MX_GPIO_Init                           0x08002f08   Section        0  gpio.o(i.MX_GPIO_Init)
    i.MX_I2C1_Init                           0x08002f78   Section        0  i2c.o(i.MX_I2C1_Init)
    i.MX_USART1_UART_Init                    0x08002fb8   Section        0  usart.o(i.MX_USART1_UART_Init)
    i.MemManage_Handler                      0x08002ff0   Section        0  stm32f1xx_it.o(i.MemManage_Handler)
    i.NMI_Handler                            0x08002ff2   Section        0  stm32f1xx_it.o(i.NMI_Handler)
    i.PendSV_Handler                         0x08002ff4   Section        0  stm32f1xx_it.o(i.PendSV_Handler)
    i.SVC_Handler                            0x08002ff6   Section        0  stm32f1xx_it.o(i.SVC_Handler)
    i.Stepper_Forward                        0x08002ff8   Section        0  stepper.o(i.Stepper_Forward)
    i.Stepper_Init                           0x08003020   Section        0  stepper.o(i.Stepper_Init)
    i.Stepper_Output                         0x08003024   Section        0  stepper.o(i.Stepper_Output)
    Stepper_Output                           0x08003025   Thumb Code    96  stepper.o(i.Stepper_Output)
    i.Stepper_Release                        0x0800308c   Section        0  stepper.o(i.Stepper_Release)
    i.SysTick_Handler                        0x080030c0   Section        0  stm32f1xx_it.o(i.SysTick_Handler)
    i.SystemClock_Config                     0x080030c4   Section        0  main.o(i.SystemClock_Config)
    i.SystemInit                             0x08003122   Section        0  system_stm32f1xx.o(i.SystemInit)
    i.UART_EndRxTransfer                     0x08003124   Section        0  stm32f1xx_hal_uart.o(i.UART_EndRxTransfer)
    UART_EndRxTransfer                       0x08003125   Thumb Code    78  stm32f1xx_hal_uart.o(i.UART_EndRxTransfer)
    i.UART_SetConfig                         0x08003174   Section        0  stm32f1xx_hal_uart.o(i.UART_SetConfig)
    UART_SetConfig                           0x08003175   Thumb Code   178  stm32f1xx_hal_uart.o(i.UART_SetConfig)
    i.UART_WaitOnFlagUntilTimeout            0x0800322c   Section        0  stm32f1xx_hal_uart.o(i.UART_WaitOnFlagUntilTimeout)
    UART_WaitOnFlagUntilTimeout              0x0800322d   Thumb Code   114  stm32f1xx_hal_uart.o(i.UART_WaitOnFlagUntilTimeout)
    i.UsageFault_Handler                     0x0800329e   Section        0  stm32f1xx_it.o(i.UsageFault_Handler)
    i.__ARM_fpclassify                       0x080032a0   Section        0  fpclassify.o(i.__ARM_fpclassify)
    i.__NVIC_SetPriority                     0x080032c8   Section        0  stm32f1xx_hal_cortex.o(i.__NVIC_SetPriority)
    __NVIC_SetPriority                       0x080032c9   Thumb Code    32  stm32f1xx_hal_cortex.o(i.__NVIC_SetPriority)
    i._is_digit                              0x080032e8   Section        0  __printf_wp.o(i._is_digit)
    i.main                                   0x080032f8   Section        0  main.o(i.main)
    locale$$code                             0x08003464   Section       44  lc_numeric_c.o(locale$$code)
    locale$$code                             0x08003490   Section       44  lc_ctype_c.o(locale$$code)
    x$fpl$printf1                            0x080034bc   Section        4  printf1.o(x$fpl$printf1)
    x$fpl$printf2                            0x080034c0   Section        4  printf2.o(x$fpl$printf2)
    .constdata                               0x080034c4   Section       32  stepper.o(.constdata)
    x$fpl$usenofp                            0x080034c4   Section        0  usenofp.o(x$fpl$usenofp)
    step_sequence                            0x080034c4   Data          32  stepper.o(.constdata)
    .constdata                               0x080034e4   Section       18  stm32f1xx_hal_rcc.o(.constdata)
    aPredivFactorTable                       0x080034e4   Data           2  stm32f1xx_hal_rcc.o(.constdata)
    aPLLMULFactorTable                       0x080034e6   Data          16  stm32f1xx_hal_rcc.o(.constdata)
    .constdata                               0x080034f6   Section       16  system_stm32f1xx.o(.constdata)
    .constdata                               0x08003506   Section        8  system_stm32f1xx.o(.constdata)
    .constdata                               0x08003510   Section        8  _printf_wctomb.o(.constdata)
    initial_mbstate                          0x08003510   Data           8  _printf_wctomb.o(.constdata)
    .constdata                               0x08003518   Section       40  _printf_hex_int_ll_ptr.o(.constdata)
    uc_hextab                                0x08003518   Data          20  _printf_hex_int_ll_ptr.o(.constdata)
    lc_hextab                                0x0800352c   Data          20  _printf_hex_int_ll_ptr.o(.constdata)
    .constdata                               0x08003540   Section       17  __printf_flags_ss_wp.o(.constdata)
    maptable                                 0x08003540   Data          17  __printf_flags_ss_wp.o(.constdata)
    .constdata                               0x08003551   Section       38  _printf_fp_hex.o(.constdata)
    lc_hextab                                0x08003551   Data          19  _printf_fp_hex.o(.constdata)
    uc_hextab                                0x08003564   Data          19  _printf_fp_hex.o(.constdata)
    .constdata                               0x08003578   Section      148  bigflt0.o(.constdata)
    tenpwrs_x                                0x08003578   Data          60  bigflt0.o(.constdata)
    tenpwrs_i                                0x080035b4   Data          64  bigflt0.o(.constdata)
    locale$$data                             0x0800362c   Section       28  lc_numeric_c.o(locale$$data)
    __lcnum_c_name                           0x08003630   Data           2  lc_numeric_c.o(locale$$data)
    __lcnum_c_start                          0x08003638   Data           0  lc_numeric_c.o(locale$$data)
    __lcnum_c_point                          0x08003644   Data           0  lc_numeric_c.o(locale$$data)
    __lcnum_c_thousands                      0x08003646   Data           0  lc_numeric_c.o(locale$$data)
    __lcnum_c_grouping                       0x08003647   Data           0  lc_numeric_c.o(locale$$data)
    locale$$data                             0x08003648   Section      272  lc_ctype_c.o(locale$$data)
    __lcnum_c_end                            0x08003648   Data           0  lc_numeric_c.o(locale$$data)
    __lcctype_c_name                         0x0800364c   Data           2  lc_ctype_c.o(locale$$data)
    __lcctype_c_start                        0x08003654   Data           0  lc_ctype_c.o(locale$$data)
    __lcctype_c_end                          0x08003758   Data           0  lc_ctype_c.o(locale$$data)
    .data                                    0x20000000   Section       16  main.o(.data)
    feed1_triggered                          0x20000000   Data           1  main.o(.data)
    last_print_second                        0x20000001   Data           1  main.o(.data)
    last_rtc_error_tick                      0x20000004   Data           4  main.o(.data)
    rtc_time                                 0x20000008   Data           8  main.o(.data)
    .data                                    0x20000010   Section       12  stm32f1xx_hal.o(.data)
    .data                                    0x2000001c   Section        4  system_stm32f1xx.o(.data)
    .bss                                     0x20000020   Section       84  i2c.o(.bss)
    .bss                                     0x20000074   Section       72  usart.o(.bss)
    .bss                                     0x200000bc   Section       96  libspace.o(.bss)
    HEAP                                     0x20000120   Section      512  startup_stm32f103xb.o(HEAP)
    Heap_Mem                                 0x20000120   Data         512  startup_stm32f103xb.o(HEAP)
    STACK                                    0x20000320   Section     1024  startup_stm32f103xb.o(STACK)
    Stack_Mem                                0x20000320   Data        1024  startup_stm32f103xb.o(STACK)
    __initial_sp                             0x20000720   Data           0  startup_stm32f103xb.o(STACK)

    Global Symbols

    Symbol Name                              Value     Ov Type        Size  Object(Section)

    BuildAttributes$$THM_ISAv4$P$D$K$B$S$PE$A:L22UL41UL21$X:L11$S22US41US21$IEEE1$IW$USESV6$~STKCKD$USESV7$~SHL$OTIME$ROPI$IEEEJ$EBA8$UX$STANDARDLIB$REQ8$PRES8$EABIv2 0x00000000   Number         0  anon$$obj.o ABSOLUTE
    __ARM_use_no_argv                        0x00000000   Number         0  main.o ABSOLUTE
    _printf_flags                            0x00000000   Number         0  printf_stubs.o ABSOLUTE
    _printf_return_value                     0x00000000   Number         0  printf_stubs.o ABSOLUTE
    _printf_sizespec                         0x00000000   Number         0  printf_stubs.o ABSOLUTE
    _printf_widthprec                        0x00000000   Number         0  printf_stubs.o ABSOLUTE
    __ARM_exceptions_init                     - Undefined Weak Reference
    __alloca_initialize                       - Undefined Weak Reference
    __arm_fini_                               - Undefined Weak Reference
    __arm_preinit_                            - Undefined Weak Reference
    __cpp_initialize__aeabi_                  - Undefined Weak Reference
    __cxa_finalize                            - Undefined Weak Reference
    __sigvec_lookup                           - Undefined Weak Reference
    _atexit_init                              - Undefined Weak Reference
    _call_atexit_fns                          - Undefined Weak Reference
    _clock_init                               - Undefined Weak Reference
    _fp_trap_init                             - Undefined Weak Reference
    _fp_trap_shutdown                         - Undefined Weak Reference
    _get_lc_collate                           - Undefined Weak Reference
    _get_lc_monetary                          - Undefined Weak Reference
    _get_lc_time                              - Undefined Weak Reference
    _getenv_init                              - Undefined Weak Reference
    _handle_redirection                       - Undefined Weak Reference
    _init_alloc                               - Undefined Weak Reference
    _init_user_alloc                          - Undefined Weak Reference
    _initio                                   - Undefined Weak Reference
    _printf_mbtowc                            - Undefined Weak Reference
    _printf_wc                                - Undefined Weak Reference
    _rand_init                                - Undefined Weak Reference
    _signal_finish                            - Undefined Weak Reference
    _signal_init                              - Undefined Weak Reference
    _terminate_alloc                          - Undefined Weak Reference
    _terminate_user_alloc                     - Undefined Weak Reference
    _terminateio                              - Undefined Weak Reference
    __Vectors_Size                           0x000000ec   Number         0  startup_stm32f103xb.o ABSOLUTE
    __Vectors                                0x08000000   Data           4  startup_stm32f103xb.o(RESET)
    __Vectors_End                            0x080000ec   Data           0  startup_stm32f103xb.o(RESET)
    __main                                   0x080000ed   Thumb Code     8  __main.o(!!!main)
    __scatterload                            0x080000f5   Thumb Code     0  __scatter.o(!!!scatter)
    __scatterload_rt2                        0x080000f5   Thumb Code    44  __scatter.o(!!!scatter)
    __scatterload_rt2_thumb_only             0x080000f5   Thumb Code     0  __scatter.o(!!!scatter)
    __scatterload_null                       0x08000103   Thumb Code     0  __scatter.o(!!!scatter)
    __scatterload_copy                       0x08000129   Thumb Code    26  __scatter_copy.o(!!handler_copy)
    __scatterload_zeroinit                   0x08000145   Thumb Code    28  __scatter_zi.o(!!handler_zi)
    _printf_n                                0x08000161   Thumb Code     0  _printf_n.o(.ARM.Collect$$_printf_percent$$00000001)
    _printf_percent                          0x08000161   Thumb Code     0  _printf_percent.o(.ARM.Collect$$_printf_percent$$00000000)
    _printf_p                                0x08000167   Thumb Code     0  _printf_p.o(.ARM.Collect$$_printf_percent$$00000002)
    _printf_f                                0x0800016d   Thumb Code     0  _printf_f.o(.ARM.Collect$$_printf_percent$$00000003)
    _printf_e                                0x08000173   Thumb Code     0  _printf_e.o(.ARM.Collect$$_printf_percent$$00000004)
    _printf_g                                0x08000179   Thumb Code     0  _printf_g.o(.ARM.Collect$$_printf_percent$$00000005)
    _printf_a                                0x0800017f   Thumb Code     0  _printf_a.o(.ARM.Collect$$_printf_percent$$00000006)
    _printf_ll                               0x08000185   Thumb Code     0  _printf_ll.o(.ARM.Collect$$_printf_percent$$00000007)
    _printf_i                                0x0800018f   Thumb Code     0  _printf_i.o(.ARM.Collect$$_printf_percent$$00000008)
    _printf_d                                0x08000195   Thumb Code     0  _printf_d.o(.ARM.Collect$$_printf_percent$$00000009)
    _printf_u                                0x0800019b   Thumb Code     0  _printf_u.o(.ARM.Collect$$_printf_percent$$0000000A)
    _printf_o                                0x080001a1   Thumb Code     0  _printf_o.o(.ARM.Collect$$_printf_percent$$0000000B)
    _printf_x                                0x080001a7   Thumb Code     0  _printf_x.o(.ARM.Collect$$_printf_percent$$0000000C)
    _printf_lli                              0x080001ad   Thumb Code     0  _printf_lli.o(.ARM.Collect$$_printf_percent$$0000000D)
    _printf_lld                              0x080001b3   Thumb Code     0  _printf_lld.o(.ARM.Collect$$_printf_percent$$0000000E)
    _printf_llu                              0x080001b9   Thumb Code     0  _printf_llu.o(.ARM.Collect$$_printf_percent$$0000000F)
    _printf_llo                              0x080001bf   Thumb Code     0  _printf_llo.o(.ARM.Collect$$_printf_percent$$00000010)
    _printf_llx                              0x080001c5   Thumb Code     0  _printf_llx.o(.ARM.Collect$$_printf_percent$$00000011)
    _printf_l                                0x080001cb   Thumb Code     0  _printf_l.o(.ARM.Collect$$_printf_percent$$00000012)
    _printf_c                                0x080001d5   Thumb Code     0  _printf_c.o(.ARM.Collect$$_printf_percent$$00000013)
    _printf_s                                0x080001db   Thumb Code     0  _printf_s.o(.ARM.Collect$$_printf_percent$$00000014)
    _printf_lc                               0x080001e1   Thumb Code     0  _printf_lc.o(.ARM.Collect$$_printf_percent$$00000015)
    _printf_ls                               0x080001e7   Thumb Code     0  _printf_ls.o(.ARM.Collect$$_printf_percent$$00000016)
    _printf_percent_end                      0x080001ed   Thumb Code     0  _printf_percent_end.o(.ARM.Collect$$_printf_percent$$00000017)
    __rt_lib_init                            0x080001f1   Thumb Code     0  libinit.o(.ARM.Collect$$libinit$$00000000)
    __rt_lib_init_fp_1                       0x080001f3   Thumb Code     0  libinit2.o(.ARM.Collect$$libinit$$00000002)
    __rt_lib_init_heap_1                     0x080001f3   Thumb Code     0  libinit2.o(.ARM.Collect$$libinit$$0000000A)
    __rt_lib_init_lc_common                  0x080001f3   Thumb Code     0  libinit2.o(.ARM.Collect$$libinit$$0000000F)
    __rt_lib_init_preinit_1                  0x080001f3   Thumb Code     0  libinit2.o(.ARM.Collect$$libinit$$00000004)
    __rt_lib_init_rand_1                     0x080001f3   Thumb Code     0  libinit2.o(.ARM.Collect$$libinit$$0000000E)
    __rt_lib_init_user_alloc_1               0x080001f3   Thumb Code     0  libinit2.o(.ARM.Collect$$libinit$$0000000C)
    __rt_lib_init_lc_collate_1               0x080001f9   Thumb Code     0  libinit2.o(.ARM.Collect$$libinit$$00000011)
    __rt_lib_init_lc_ctype_2                 0x080001f9   Thumb Code     0  libinit2.o(.ARM.Collect$$libinit$$00000012)
    __rt_lib_init_lc_ctype_1                 0x08000205   Thumb Code     0  libinit2.o(.ARM.Collect$$libinit$$00000013)
    __rt_lib_init_lc_monetary_1              0x08000205   Thumb Code     0  libinit2.o(.ARM.Collect$$libinit$$00000015)
    __rt_lib_init_lc_numeric_2               0x08000205   Thumb Code     0  libinit2.o(.ARM.Collect$$libinit$$00000016)
    __rt_lib_init_alloca_1                   0x0800020f   Thumb Code     0  libinit2.o(.ARM.Collect$$libinit$$0000002E)
    __rt_lib_init_argv_1                     0x0800020f   Thumb Code     0  libinit2.o(.ARM.Collect$$libinit$$0000002C)
    __rt_lib_init_atexit_1                   0x0800020f   Thumb Code     0  libinit2.o(.ARM.Collect$$libinit$$0000001B)
    __rt_lib_init_clock_1                    0x0800020f   Thumb Code     0  libinit2.o(.ARM.Collect$$libinit$$00000021)
    __rt_lib_init_cpp_1                      0x0800020f   Thumb Code     0  libinit2.o(.ARM.Collect$$libinit$$00000032)
    __rt_lib_init_exceptions_1               0x0800020f   Thumb Code     0  libinit2.o(.ARM.Collect$$libinit$$00000030)
    __rt_lib_init_fp_trap_1                  0x0800020f   Thumb Code     0  libinit2.o(.ARM.Collect$$libinit$$0000001F)
    __rt_lib_init_getenv_1                   0x0800020f   Thumb Code     0  libinit2.o(.ARM.Collect$$libinit$$00000023)
    __rt_lib_init_lc_numeric_1               0x0800020f   Thumb Code     0  libinit2.o(.ARM.Collect$$libinit$$00000017)
    __rt_lib_init_lc_time_1                  0x0800020f   Thumb Code     0  libinit2.o(.ARM.Collect$$libinit$$00000019)
    __rt_lib_init_return                     0x0800020f   Thumb Code     0  libinit2.o(.ARM.Collect$$libinit$$00000033)
    __rt_lib_init_signal_1                   0x0800020f   Thumb Code     0  libinit2.o(.ARM.Collect$$libinit$$0000001D)
    __rt_lib_init_stdio_1                    0x0800020f   Thumb Code     0  libinit2.o(.ARM.Collect$$libinit$$00000025)
    __rt_lib_shutdown                        0x08000211   Thumb Code     0  libshutdown.o(.ARM.Collect$$libshutdown$$00000000)
    __rt_lib_shutdown_cpp_1                  0x08000213   Thumb Code     0  libshutdown2.o(.ARM.Collect$$libshutdown$$00000004)
    __rt_lib_shutdown_fini_1                 0x08000213   Thumb Code     0  libshutdown2.o(.ARM.Collect$$libshutdown$$00000002)
    __rt_lib_shutdown_fp_trap_1              0x08000213   Thumb Code     0  libshutdown2.o(.ARM.Collect$$libshutdown$$00000009)
    __rt_lib_shutdown_heap_1                 0x08000213   Thumb Code     0  libshutdown2.o(.ARM.Collect$$libshutdown$$00000011)
    __rt_lib_shutdown_return                 0x08000213   Thumb Code     0  libshutdown2.o(.ARM.Collect$$libshutdown$$00000012)
    __rt_lib_shutdown_signal_1               0x08000213   Thumb Code     0  libshutdown2.o(.ARM.Collect$$libshutdown$$0000000C)
    __rt_lib_shutdown_stdio_1                0x08000213   Thumb Code     0  libshutdown2.o(.ARM.Collect$$libshutdown$$00000006)
    __rt_lib_shutdown_user_alloc_1           0x08000213   Thumb Code     0  libshutdown2.o(.ARM.Collect$$libshutdown$$0000000E)
    __rt_entry                               0x08000215   Thumb Code     0  __rtentry.o(.ARM.Collect$$rtentry$$00000000)
    __rt_entry_presh_1                       0x08000215   Thumb Code     0  __rtentry2.o(.ARM.Collect$$rtentry$$00000002)
    __rt_entry_sh                            0x08000215   Thumb Code     0  __rtentry4.o(.ARM.Collect$$rtentry$$00000004)
    __rt_entry_li                            0x0800021b   Thumb Code     0  __rtentry2.o(.ARM.Collect$$rtentry$$0000000A)
    __rt_entry_postsh_1                      0x0800021b   Thumb Code     0  __rtentry2.o(.ARM.Collect$$rtentry$$00000009)
    __rt_entry_main                          0x0800021f   Thumb Code     0  __rtentry2.o(.ARM.Collect$$rtentry$$0000000D)
    __rt_entry_postli_1                      0x0800021f   Thumb Code     0  __rtentry2.o(.ARM.Collect$$rtentry$$0000000C)
    __rt_exit                                0x08000227   Thumb Code     0  rtexit.o(.ARM.Collect$$rtexit$$00000000)
    __rt_exit_ls                             0x08000229   Thumb Code     0  rtexit2.o(.ARM.Collect$$rtexit$$00000003)
    __rt_exit_prels_1                        0x08000229   Thumb Code     0  rtexit2.o(.ARM.Collect$$rtexit$$00000002)
    __rt_exit_exit                           0x0800022d   Thumb Code     0  rtexit2.o(.ARM.Collect$$rtexit$$00000004)
    Reset_Handler                            0x08000235   Thumb Code     8  startup_stm32f103xb.o(.text)
    ADC1_2_IRQHandler                        0x0800024f   Thumb Code     0  startup_stm32f103xb.o(.text)
    CAN1_RX1_IRQHandler                      0x0800024f   Thumb Code     0  startup_stm32f103xb.o(.text)
    CAN1_SCE_IRQHandler                      0x0800024f   Thumb Code     0  startup_stm32f103xb.o(.text)
    DMA1_Channel1_IRQHandler                 0x0800024f   Thumb Code     0  startup_stm32f103xb.o(.text)
    DMA1_Channel2_IRQHandler                 0x0800024f   Thumb Code     0  startup_stm32f103xb.o(.text)
    DMA1_Channel3_IRQHandler                 0x0800024f   Thumb Code     0  startup_stm32f103xb.o(.text)
    DMA1_Channel4_IRQHandler                 0x0800024f   Thumb Code     0  startup_stm32f103xb.o(.text)
    DMA1_Channel5_IRQHandler                 0x0800024f   Thumb Code     0  startup_stm32f103xb.o(.text)
    DMA1_Channel6_IRQHandler                 0x0800024f   Thumb Code     0  startup_stm32f103xb.o(.text)
    DMA1_Channel7_IRQHandler                 0x0800024f   Thumb Code     0  startup_stm32f103xb.o(.text)
    EXTI0_IRQHandler                         0x0800024f   Thumb Code     0  startup_stm32f103xb.o(.text)
    EXTI15_10_IRQHandler                     0x0800024f   Thumb Code     0  startup_stm32f103xb.o(.text)
    EXTI1_IRQHandler                         0x0800024f   Thumb Code     0  startup_stm32f103xb.o(.text)
    EXTI2_IRQHandler                         0x0800024f   Thumb Code     0  startup_stm32f103xb.o(.text)
    EXTI3_IRQHandler                         0x0800024f   Thumb Code     0  startup_stm32f103xb.o(.text)
    EXTI4_IRQHandler                         0x0800024f   Thumb Code     0  startup_stm32f103xb.o(.text)
    EXTI9_5_IRQHandler                       0x0800024f   Thumb Code     0  startup_stm32f103xb.o(.text)
    FLASH_IRQHandler                         0x0800024f   Thumb Code     0  startup_stm32f103xb.o(.text)
    I2C1_ER_IRQHandler                       0x0800024f   Thumb Code     0  startup_stm32f103xb.o(.text)
    I2C1_EV_IRQHandler                       0x0800024f   Thumb Code     0  startup_stm32f103xb.o(.text)
    I2C2_ER_IRQHandler                       0x0800024f   Thumb Code     0  startup_stm32f103xb.o(.text)
    I2C2_EV_IRQHandler                       0x0800024f   Thumb Code     0  startup_stm32f103xb.o(.text)
    PVD_IRQHandler                           0x0800024f   Thumb Code     0  startup_stm32f103xb.o(.text)
    RCC_IRQHandler                           0x0800024f   Thumb Code     0  startup_stm32f103xb.o(.text)
    RTC_Alarm_IRQHandler                     0x0800024f   Thumb Code     0  startup_stm32f103xb.o(.text)
    RTC_IRQHandler                           0x0800024f   Thumb Code     0  startup_stm32f103xb.o(.text)
    SPI1_IRQHandler                          0x0800024f   Thumb Code     0  startup_stm32f103xb.o(.text)
    SPI2_IRQHandler                          0x0800024f   Thumb Code     0  startup_stm32f103xb.o(.text)
    TAMPER_IRQHandler                        0x0800024f   Thumb Code     0  startup_stm32f103xb.o(.text)
    TIM1_BRK_IRQHandler                      0x0800024f   Thumb Code     0  startup_stm32f103xb.o(.text)
    TIM1_CC_IRQHandler                       0x0800024f   Thumb Code     0  startup_stm32f103xb.o(.text)
    TIM1_TRG_COM_IRQHandler                  0x0800024f   Thumb Code     0  startup_stm32f103xb.o(.text)
    TIM1_UP_IRQHandler                       0x0800024f   Thumb Code     0  startup_stm32f103xb.o(.text)
    TIM2_IRQHandler                          0x0800024f   Thumb Code     0  startup_stm32f103xb.o(.text)
    TIM3_IRQHandler                          0x0800024f   Thumb Code     0  startup_stm32f103xb.o(.text)
    TIM4_IRQHandler                          0x0800024f   Thumb Code     0  startup_stm32f103xb.o(.text)
    USART1_IRQHandler                        0x0800024f   Thumb Code     0  startup_stm32f103xb.o(.text)
    USART2_IRQHandler                        0x0800024f   Thumb Code     0  startup_stm32f103xb.o(.text)
    USART3_IRQHandler                        0x0800024f   Thumb Code     0  startup_stm32f103xb.o(.text)
    USBWakeUp_IRQHandler                     0x0800024f   Thumb Code     0  startup_stm32f103xb.o(.text)
    USB_HP_CAN1_TX_IRQHandler                0x0800024f   Thumb Code     0  startup_stm32f103xb.o(.text)
    USB_LP_CAN1_RX0_IRQHandler               0x0800024f   Thumb Code     0  startup_stm32f103xb.o(.text)
    WWDG_IRQHandler                          0x0800024f   Thumb Code     0  startup_stm32f103xb.o(.text)
    __user_initial_stackheap                 0x08000251   Thumb Code     0  startup_stm32f103xb.o(.text)
    vsnprintf                                0x08000275   Thumb Code    48  vsnprintf.o(.text)
    __aeabi_memclr4                          0x080002a9   Thumb Code     0  rt_memclr_w.o(.text)
    __aeabi_memclr8                          0x080002a9   Thumb Code     0  rt_memclr_w.o(.text)
    __rt_memclr_w                            0x080002a9   Thumb Code    78  rt_memclr_w.o(.text)
    _memset_w                                0x080002ad   Thumb Code     0  rt_memclr_w.o(.text)
    __use_two_region_memory                  0x080002f7   Thumb Code     2  heapauxi.o(.text)
    __rt_heap_escrow$2region                 0x080002f9   Thumb Code     2  heapauxi.o(.text)
    __rt_heap_expand$2region                 0x080002fb   Thumb Code     2  heapauxi.o(.text)
    _printf_pre_padding                      0x080002fd   Thumb Code    44  _printf_pad.o(.text)
    _printf_post_padding                     0x08000329   Thumb Code    34  _printf_pad.o(.text)
    _printf_truncate_signed                  0x0800034b   Thumb Code    18  _printf_truncate.o(.text)
    _printf_truncate_unsigned                0x0800035d   Thumb Code    18  _printf_truncate.o(.text)
    _printf_str                              0x0800036f   Thumb Code    82  _printf_str.o(.text)
    _printf_int_dec                          0x080003c1   Thumb Code   104  _printf_dec.o(.text)
    _printf_charcount                        0x08000439   Thumb Code    40  _printf_charcount.o(.text)
    _printf_char_common                      0x0800046b   Thumb Code    32  _printf_char_common.o(.text)
    _sputc                                   0x08000491   Thumb Code    10  _sputc.o(.text)
    _snputc                                  0x0800049b   Thumb Code    16  _snputc.o(.text)
    _printf_wctomb                           0x080004ad   Thumb Code   182  _printf_wctomb.o(.text)
    _printf_longlong_dec                     0x08000569   Thumb Code   108  _printf_longlong_dec.o(.text)
    _printf_longlong_oct                     0x080005e5   Thumb Code    66  _printf_oct_int_ll.o(.text)
    _printf_int_oct                          0x08000627   Thumb Code    24  _printf_oct_int_ll.o(.text)
    _printf_ll_oct                           0x0800063f   Thumb Code    12  _printf_oct_int_ll.o(.text)
    _printf_longlong_hex                     0x08000655   Thumb Code    86  _printf_hex_int_ll_ptr.o(.text)
    _printf_int_hex                          0x080006ab   Thumb Code    28  _printf_hex_int_ll_ptr.o(.text)
    _printf_ll_hex                           0x080006c7   Thumb Code    12  _printf_hex_int_ll_ptr.o(.text)
    _printf_hex_ptr                          0x080006d3   Thumb Code    18  _printf_hex_int_ll_ptr.o(.text)
    __printf                                 0x080006e9   Thumb Code   388  __printf_flags_ss_wp.o(.text)
    _ll_udiv10                               0x08000871   Thumb Code   138  lludiv10.o(.text)
    _printf_int_common                       0x080008fb   Thumb Code   178  _printf_intcommon.o(.text)
    __lib_sel_fp_printf                      0x080009ad   Thumb Code     2  _printf_fp_dec.o(.text)
    _printf_fp_dec_real                      0x08000b5f   Thumb Code   620  _printf_fp_dec.o(.text)
    _printf_fp_hex_real                      0x08000dcd   Thumb Code   756  _printf_fp_hex.o(.text)
    _printf_cs_common                        0x080010c9   Thumb Code    20  _printf_char.o(.text)
    _printf_char                             0x080010dd   Thumb Code    16  _printf_char.o(.text)
    _printf_string                           0x080010ed   Thumb Code     8  _printf_char.o(.text)
    _printf_lcs_common                       0x080010f5   Thumb Code    20  _printf_wchar.o(.text)
    _printf_wchar                            0x08001109   Thumb Code    16  _printf_wchar.o(.text)
    _printf_wstring                          0x08001119   Thumb Code     8  _printf_wchar.o(.text)
    _wcrtomb                                 0x08001121   Thumb Code    64  _wcrtomb.o(.text)
    __user_setup_stackheap                   0x08001161   Thumb Code    74  sys_stackheap_outer.o(.text)
    __rt_ctype_table                         0x080011ad   Thumb Code    16  rt_ctype_table.o(.text)
    __rt_locale                              0x080011bd   Thumb Code     8  rt_locale_intlibspace.o(.text)
    _printf_fp_infnan                        0x080011c5   Thumb Code   112  _printf_fp_infnan.o(.text)
    _btod_etento                             0x08001245   Thumb Code   224  bigflt0.o(.text)
    exit                                     0x08001329   Thumb Code    18  exit.o(.text)
    __user_libspace                          0x0800133d   Thumb Code     8  libspace.o(.text)
    __user_perproc_libspace                  0x0800133d   Thumb Code     0  libspace.o(.text)
    __user_perthread_libspace                0x0800133d   Thumb Code     0  libspace.o(.text)
    strcmp                                   0x08001345   Thumb Code   128  strcmpv7m.o(.text)
    _sys_exit                                0x080013c5   Thumb Code     8  sys_exit.o(.text)
    __I$use$semihosting                      0x080013d1   Thumb Code     0  use_no_semi.o(.text)
    __use_no_semihosting_swi                 0x080013d1   Thumb Code     2  use_no_semi.o(.text)
    __semihosting_library_function           0x080013d3   Thumb Code     0  indicate_semi.o(.text)
    _btod_d2e                                0x080013d3   Thumb Code    62  btod.o(CL$$btod_d2e)
    _d2e_denorm_low                          0x08001411   Thumb Code    70  btod.o(CL$$btod_d2e_denorm_low)
    _d2e_norm_op1                            0x08001457   Thumb Code    96  btod.o(CL$$btod_d2e_norm_op1)
    __btod_div_common                        0x080014b7   Thumb Code   696  btod.o(CL$$btod_div_common)
    _e2e                                     0x080017ef   Thumb Code   220  btod.o(CL$$btod_e2e)
    _btod_ediv                               0x080018cb   Thumb Code    42  btod.o(CL$$btod_ediv)
    _btod_emul                               0x080018f5   Thumb Code    42  btod.o(CL$$btod_emul)
    __btod_mult_common                       0x0800191f   Thumb Code   580  btod.o(CL$$btod_mult_common)
    BusFault_Handler                         0x08001b75   Thumb Code     2  stm32f1xx_it.o(i.BusFault_Handler)
    DS3231_IsReady                           0x08001b79   Thumb Code    12  ds3231.o(i.DS3231_IsReady)
    DS3231_ReadTime                          0x08001b89   Thumb Code   176  ds3231.o(i.DS3231_ReadTime)
    DebugMon_Handler                         0x08001c3d   Thumb Code     2  stm32f1xx_it.o(i.DebugMon_Handler)
    Error_Handler                            0x08001c75   Thumb Code     4  main.o(i.Error_Handler)
    HAL_Delay                                0x08001c79   Thumb Code    32  stm32f1xx_hal.o(i.HAL_Delay)
    HAL_GPIO_Init                            0x08001c9d   Thumb Code   446  stm32f1xx_hal_gpio.o(i.HAL_GPIO_Init)
    HAL_GPIO_WritePin                        0x08001e7d   Thumb Code    10  stm32f1xx_hal_gpio.o(i.HAL_GPIO_WritePin)
    HAL_GetTick                              0x08001e89   Thumb Code     6  stm32f1xx_hal.o(i.HAL_GetTick)
    HAL_I2C_Init                             0x08001e95   Thumb Code   376  stm32f1xx_hal_i2c.o(i.HAL_I2C_Init)
    HAL_I2C_IsDeviceReady                    0x0800201d   Thumb Code   354  stm32f1xx_hal_i2c.o(i.HAL_I2C_IsDeviceReady)
    HAL_I2C_Mem_Read                         0x08002189   Thumb Code   586  stm32f1xx_hal_i2c.o(i.HAL_I2C_Mem_Read)
    HAL_I2C_MspInit                          0x080023e5   Thumb Code    80  i2c.o(i.HAL_I2C_MspInit)
    HAL_IncTick                              0x08002441   Thumb Code    12  stm32f1xx_hal.o(i.HAL_IncTick)
    HAL_Init                                 0x08002451   Thumb Code    32  stm32f1xx_hal.o(i.HAL_Init)
    HAL_InitTick                             0x08002475   Thumb Code    54  stm32f1xx_hal.o(i.HAL_InitTick)
    HAL_MspInit                              0x080024b5   Thumb Code    52  stm32f1xx_hal_msp.o(i.HAL_MspInit)
    HAL_NVIC_SetPriority                     0x080024f1   Thumb Code    60  stm32f1xx_hal_cortex.o(i.HAL_NVIC_SetPriority)
    HAL_NVIC_SetPriorityGrouping             0x08002531   Thumb Code    26  stm32f1xx_hal_cortex.o(i.HAL_NVIC_SetPriorityGrouping)
    HAL_RCC_ClockConfig                      0x08002555   Thumb Code   280  stm32f1xx_hal_rcc.o(i.HAL_RCC_ClockConfig)
    HAL_RCC_GetPCLK1Freq                     0x08002681   Thumb Code    20  stm32f1xx_hal_rcc.o(i.HAL_RCC_GetPCLK1Freq)
    HAL_RCC_GetPCLK2Freq                     0x080026a1   Thumb Code    20  stm32f1xx_hal_rcc.o(i.HAL_RCC_GetPCLK2Freq)
    HAL_RCC_GetSysClockFreq                  0x080026c1   Thumb Code    58  stm32f1xx_hal_rcc.o(i.HAL_RCC_GetSysClockFreq)
    HAL_RCC_OscConfig                        0x0800270d   Thumb Code   778  stm32f1xx_hal_rcc.o(i.HAL_RCC_OscConfig)
    HAL_SYSTICK_Config                       0x08002a2d   Thumb Code    40  stm32f1xx_hal_cortex.o(i.HAL_SYSTICK_Config)
    HAL_UART_Init                            0x08002a55   Thumb Code   100  stm32f1xx_hal_uart.o(i.HAL_UART_Init)
    HAL_UART_MspInit                         0x08002ab9   Thumb Code   100  usart.o(i.HAL_UART_MspInit)
    HAL_UART_Transmit                        0x08002b29   Thumb Code   160  stm32f1xx_hal_uart.o(i.HAL_UART_Transmit)
    HardFault_Handler                        0x08002bc9   Thumb Code     2  stm32f1xx_it.o(i.HardFault_Handler)
    MX_GPIO_Init                             0x08002f09   Thumb Code   104  gpio.o(i.MX_GPIO_Init)
    MX_I2C1_Init                             0x08002f79   Thumb Code    50  i2c.o(i.MX_I2C1_Init)
    MX_USART1_UART_Init                      0x08002fb9   Thumb Code    48  usart.o(i.MX_USART1_UART_Init)
    MemManage_Handler                        0x08002ff1   Thumb Code     2  stm32f1xx_it.o(i.MemManage_Handler)
    NMI_Handler                              0x08002ff3   Thumb Code     2  stm32f1xx_it.o(i.NMI_Handler)
    PendSV_Handler                           0x08002ff5   Thumb Code     2  stm32f1xx_it.o(i.PendSV_Handler)
    SVC_Handler                              0x08002ff7   Thumb Code     2  stm32f1xx_it.o(i.SVC_Handler)
    Stepper_Forward                          0x08002ff9   Thumb Code    40  stepper.o(i.Stepper_Forward)
    Stepper_Init                             0x08003021   Thumb Code     4  stepper.o(i.Stepper_Init)
    Stepper_Release                          0x0800308d   Thumb Code    48  stepper.o(i.Stepper_Release)
    SysTick_Handler                          0x080030c1   Thumb Code     4  stm32f1xx_it.o(i.SysTick_Handler)
    SystemClock_Config                       0x080030c5   Thumb Code    94  main.o(i.SystemClock_Config)
    SystemInit                               0x08003123   Thumb Code     2  system_stm32f1xx.o(i.SystemInit)
    UsageFault_Handler                       0x0800329f   Thumb Code     2  stm32f1xx_it.o(i.UsageFault_Handler)
    __ARM_fpclassify                         0x080032a1   Thumb Code    40  fpclassify.o(i.__ARM_fpclassify)
    _is_digit                                0x080032e9   Thumb Code    14  __printf_wp.o(i._is_digit)
    main                                     0x080032f9   Thumb Code   200  main.o(i.main)
    _get_lc_numeric                          0x08003465   Thumb Code    44  lc_numeric_c.o(locale$$code)
    _get_lc_ctype                            0x08003491   Thumb Code    44  lc_ctype_c.o(locale$$code)
    _printf_fp_dec                           0x080034bd   Thumb Code     4  printf1.o(x$fpl$printf1)
    _printf_fp_hex                           0x080034c1   Thumb Code     4  printf2.o(x$fpl$printf2)
    __I$use$fp                               0x080034c4   Number         0  usenofp.o(x$fpl$usenofp)
    AHBPrescTable                            0x080034f6   Data          16  system_stm32f1xx.o(.constdata)
    APBPrescTable                            0x08003506   Data           8  system_stm32f1xx.o(.constdata)
    Region$$Table$$Base                      0x0800360c   Number         0  anon$$obj.o(Region$$Table)
    Region$$Table$$Limit                     0x0800362c   Number         0  anon$$obj.o(Region$$Table)
    __ctype                                  0x08003655   Data           0  lc_ctype_c.o(locale$$data)
    uwTickFreq                               0x20000010   Data           1  stm32f1xx_hal.o(.data)
    uwTickPrio                               0x20000014   Data           4  stm32f1xx_hal.o(.data)
    uwTick                                   0x20000018   Data           4  stm32f1xx_hal.o(.data)
    SystemCoreClock                          0x2000001c   Data           4  system_stm32f1xx.o(.data)
    hi2c1                                    0x20000020   Data          84  i2c.o(.bss)
    huart1                                   0x20000074   Data          72  usart.o(.bss)
    __libspace_start                         0x200000bc   Data          96  libspace.o(.bss)
    __temporary_stack_top$libspace           0x2000011c   Data           0  libspace.o(.bss)



==============================================================================

Memory Map of the image

  Image Entry point : 0x080000ed

  Load Region LR_IROM1 (Base: 0x08000000, Size: 0x00003778, Max: 0x00010000, ABSOLUTE)

    Execution Region ER_IROM1 (Exec base: 0x08000000, Load base: 0x08000000, Size: 0x00003758, Max: 0x00010000, ABSOLUTE)

    Exec Addr    Load Addr    Size         Type   Attr      Idx    E Section Name        Object

    0x08000000   0x08000000   0x000000ec   Data   RO            3    RESET               startup_stm32f103xb.o
    0x080000ec   0x080000ec   0x00000008   Code   RO         2331  * !!!main             c_w.l(__main.o)
    0x080000f4   0x080000f4   0x00000034   Code   RO         2656    !!!scatter          c_w.l(__scatter.o)
    0x08000128   0x08000128   0x0000001a   Code   RO         2658    !!handler_copy      c_w.l(__scatter_copy.o)
    0x08000142   0x08000142   0x00000002   PAD
    0x08000144   0x08000144   0x0000001c   Code   RO         2660    !!handler_zi        c_w.l(__scatter_zi.o)
    0x08000160   0x08000160   0x00000000   Code   RO         2417    .ARM.Collect$$_printf_percent$$00000000  c_w.l(_printf_percent.o)
    0x08000160   0x08000160   0x00000006   Code   RO         2406    .ARM.Collect$$_printf_percent$$00000001  c_w.l(_printf_n.o)
    0x08000166   0x08000166   0x00000006   Code   RO         2408    .ARM.Collect$$_printf_percent$$00000002  c_w.l(_printf_p.o)
    0x0800016c   0x0800016c   0x00000006   Code   RO         2413    .ARM.Collect$$_printf_percent$$00000003  c_w.l(_printf_f.o)
    0x08000172   0x08000172   0x00000006   Code   RO         2414    .ARM.Collect$$_printf_percent$$00000004  c_w.l(_printf_e.o)
    0x08000178   0x08000178   0x00000006   Code   RO         2415    .ARM.Collect$$_printf_percent$$00000005  c_w.l(_printf_g.o)
    0x0800017e   0x0800017e   0x00000006   Code   RO         2416    .ARM.Collect$$_printf_percent$$00000006  c_w.l(_printf_a.o)
    0x08000184   0x08000184   0x0000000a   Code   RO         2421    .ARM.Collect$$_printf_percent$$00000007  c_w.l(_printf_ll.o)
    0x0800018e   0x0800018e   0x00000006   Code   RO         2410    .ARM.Collect$$_printf_percent$$00000008  c_w.l(_printf_i.o)
    0x08000194   0x08000194   0x00000006   Code   RO         2411    .ARM.Collect$$_printf_percent$$00000009  c_w.l(_printf_d.o)
    0x0800019a   0x0800019a   0x00000006   Code   RO         2412    .ARM.Collect$$_printf_percent$$0000000A  c_w.l(_printf_u.o)
    0x080001a0   0x080001a0   0x00000006   Code   RO         2409    .ARM.Collect$$_printf_percent$$0000000B  c_w.l(_printf_o.o)
    0x080001a6   0x080001a6   0x00000006   Code   RO         2407    .ARM.Collect$$_printf_percent$$0000000C  c_w.l(_printf_x.o)
    0x080001ac   0x080001ac   0x00000006   Code   RO         2418    .ARM.Collect$$_printf_percent$$0000000D  c_w.l(_printf_lli.o)
    0x080001b2   0x080001b2   0x00000006   Code   RO         2419    .ARM.Collect$$_printf_percent$$0000000E  c_w.l(_printf_lld.o)
    0x080001b8   0x080001b8   0x00000006   Code   RO         2420    .ARM.Collect$$_printf_percent$$0000000F  c_w.l(_printf_llu.o)
    0x080001be   0x080001be   0x00000006   Code   RO         2425    .ARM.Collect$$_printf_percent$$00000010  c_w.l(_printf_llo.o)
    0x080001c4   0x080001c4   0x00000006   Code   RO         2426    .ARM.Collect$$_printf_percent$$00000011  c_w.l(_printf_llx.o)
    0x080001ca   0x080001ca   0x0000000a   Code   RO         2422    .ARM.Collect$$_printf_percent$$00000012  c_w.l(_printf_l.o)
    0x080001d4   0x080001d4   0x00000006   Code   RO         2404    .ARM.Collect$$_printf_percent$$00000013  c_w.l(_printf_c.o)
    0x080001da   0x080001da   0x00000006   Code   RO         2405    .ARM.Collect$$_printf_percent$$00000014  c_w.l(_printf_s.o)
    0x080001e0   0x080001e0   0x00000006   Code   RO         2423    .ARM.Collect$$_printf_percent$$00000015  c_w.l(_printf_lc.o)
    0x080001e6   0x080001e6   0x00000006   Code   RO         2424    .ARM.Collect$$_printf_percent$$00000016  c_w.l(_printf_ls.o)
    0x080001ec   0x080001ec   0x00000004   Code   RO         2465    .ARM.Collect$$_printf_percent$$00000017  c_w.l(_printf_percent_end.o)
    0x080001f0   0x080001f0   0x00000002   Code   RO         2514    .ARM.Collect$$libinit$$00000000  c_w.l(libinit.o)
    0x080001f2   0x080001f2   0x00000000   Code   RO         2531    .ARM.Collect$$libinit$$00000002  c_w.l(libinit2.o)
    0x080001f2   0x080001f2   0x00000000   Code   RO         2533    .ARM.Collect$$libinit$$00000004  c_w.l(libinit2.o)
    0x080001f2   0x080001f2   0x00000000   Code   RO         2536    .ARM.Collect$$libinit$$0000000A  c_w.l(libinit2.o)
    0x080001f2   0x080001f2   0x00000000   Code   RO         2538    .ARM.Collect$$libinit$$0000000C  c_w.l(libinit2.o)
    0x080001f2   0x080001f2   0x00000000   Code   RO         2540    .ARM.Collect$$libinit$$0000000E  c_w.l(libinit2.o)
    0x080001f2   0x080001f2   0x00000006   Code   RO         2541    .ARM.Collect$$libinit$$0000000F  c_w.l(libinit2.o)
    0x080001f8   0x080001f8   0x00000000   Code   RO         2543    .ARM.Collect$$libinit$$00000011  c_w.l(libinit2.o)
    0x080001f8   0x080001f8   0x0000000c   Code   RO         2544    .ARM.Collect$$libinit$$00000012  c_w.l(libinit2.o)
    0x08000204   0x08000204   0x00000000   Code   RO         2545    .ARM.Collect$$libinit$$00000013  c_w.l(libinit2.o)
    0x08000204   0x08000204   0x00000000   Code   RO         2547    .ARM.Collect$$libinit$$00000015  c_w.l(libinit2.o)
    0x08000204   0x08000204   0x0000000a   Code   RO         2548    .ARM.Collect$$libinit$$00000016  c_w.l(libinit2.o)
    0x0800020e   0x0800020e   0x00000000   Code   RO         2549    .ARM.Collect$$libinit$$00000017  c_w.l(libinit2.o)
    0x0800020e   0x0800020e   0x00000000   Code   RO         2551    .ARM.Collect$$libinit$$00000019  c_w.l(libinit2.o)
    0x0800020e   0x0800020e   0x00000000   Code   RO         2553    .ARM.Collect$$libinit$$0000001B  c_w.l(libinit2.o)
    0x0800020e   0x0800020e   0x00000000   Code   RO         2555    .ARM.Collect$$libinit$$0000001D  c_w.l(libinit2.o)
    0x0800020e   0x0800020e   0x00000000   Code   RO         2557    .ARM.Collect$$libinit$$0000001F  c_w.l(libinit2.o)
    0x0800020e   0x0800020e   0x00000000   Code   RO         2559    .ARM.Collect$$libinit$$00000021  c_w.l(libinit2.o)
    0x0800020e   0x0800020e   0x00000000   Code   RO         2561    .ARM.Collect$$libinit$$00000023  c_w.l(libinit2.o)
    0x0800020e   0x0800020e   0x00000000   Code   RO         2563    .ARM.Collect$$libinit$$00000025  c_w.l(libinit2.o)
    0x0800020e   0x0800020e   0x00000000   Code   RO         2567    .ARM.Collect$$libinit$$0000002C  c_w.l(libinit2.o)
    0x0800020e   0x0800020e   0x00000000   Code   RO         2569    .ARM.Collect$$libinit$$0000002E  c_w.l(libinit2.o)
    0x0800020e   0x0800020e   0x00000000   Code   RO         2571    .ARM.Collect$$libinit$$00000030  c_w.l(libinit2.o)
    0x0800020e   0x0800020e   0x00000000   Code   RO         2573    .ARM.Collect$$libinit$$00000032  c_w.l(libinit2.o)
    0x0800020e   0x0800020e   0x00000002   Code   RO         2574    .ARM.Collect$$libinit$$00000033  c_w.l(libinit2.o)
    0x08000210   0x08000210   0x00000002   Code   RO         2594    .ARM.Collect$$libshutdown$$00000000  c_w.l(libshutdown.o)
    0x08000212   0x08000212   0x00000000   Code   RO         2607    .ARM.Collect$$libshutdown$$00000002  c_w.l(libshutdown2.o)
    0x08000212   0x08000212   0x00000000   Code   RO         2609    .ARM.Collect$$libshutdown$$00000004  c_w.l(libshutdown2.o)
    0x08000212   0x08000212   0x00000000   Code   RO         2611    .ARM.Collect$$libshutdown$$00000006  c_w.l(libshutdown2.o)
    0x08000212   0x08000212   0x00000000   Code   RO         2614    .ARM.Collect$$libshutdown$$00000009  c_w.l(libshutdown2.o)
    0x08000212   0x08000212   0x00000000   Code   RO         2617    .ARM.Collect$$libshutdown$$0000000C  c_w.l(libshutdown2.o)
    0x08000212   0x08000212   0x00000000   Code   RO         2619    .ARM.Collect$$libshutdown$$0000000E  c_w.l(libshutdown2.o)
    0x08000212   0x08000212   0x00000000   Code   RO         2622    .ARM.Collect$$libshutdown$$00000011  c_w.l(libshutdown2.o)
    0x08000212   0x08000212   0x00000002   Code   RO         2623    .ARM.Collect$$libshutdown$$00000012  c_w.l(libshutdown2.o)
    0x08000214   0x08000214   0x00000000   Code   RO         2333    .ARM.Collect$$rtentry$$00000000  c_w.l(__rtentry.o)
    0x08000214   0x08000214   0x00000000   Code   RO         2436    .ARM.Collect$$rtentry$$00000002  c_w.l(__rtentry2.o)
    0x08000214   0x08000214   0x00000006   Code   RO         2448    .ARM.Collect$$rtentry$$00000004  c_w.l(__rtentry4.o)
    0x0800021a   0x0800021a   0x00000000   Code   RO         2438    .ARM.Collect$$rtentry$$00000009  c_w.l(__rtentry2.o)
    0x0800021a   0x0800021a   0x00000004   Code   RO         2439    .ARM.Collect$$rtentry$$0000000A  c_w.l(__rtentry2.o)
    0x0800021e   0x0800021e   0x00000000   Code   RO         2441    .ARM.Collect$$rtentry$$0000000C  c_w.l(__rtentry2.o)
    0x0800021e   0x0800021e   0x00000008   Code   RO         2442    .ARM.Collect$$rtentry$$0000000D  c_w.l(__rtentry2.o)
    0x08000226   0x08000226   0x00000002   Code   RO         2523    .ARM.Collect$$rtexit$$00000000  c_w.l(rtexit.o)
    0x08000228   0x08000228   0x00000000   Code   RO         2576    .ARM.Collect$$rtexit$$00000002  c_w.l(rtexit2.o)
    0x08000228   0x08000228   0x00000004   Code   RO         2577    .ARM.Collect$$rtexit$$00000003  c_w.l(rtexit2.o)
    0x0800022c   0x0800022c   0x00000006   Code   RO         2578    .ARM.Collect$$rtexit$$00000004  c_w.l(rtexit2.o)
    0x08000232   0x08000232   0x00000002   PAD
    0x08000234   0x08000234   0x00000040   Code   RO            4    .text               startup_stm32f103xb.o
    0x08000274   0x08000274   0x00000034   Code   RO         2325    .text               c_w.l(vsnprintf.o)
    0x080002a8   0x080002a8   0x0000004e   Code   RO         2327    .text               c_w.l(rt_memclr_w.o)
    0x080002f6   0x080002f6   0x00000006   Code   RO         2329    .text               c_w.l(heapauxi.o)
    0x080002fc   0x080002fc   0x0000004e   Code   RO         2336    .text               c_w.l(_printf_pad.o)
    0x0800034a   0x0800034a   0x00000024   Code   RO         2338    .text               c_w.l(_printf_truncate.o)
    0x0800036e   0x0800036e   0x00000052   Code   RO         2340    .text               c_w.l(_printf_str.o)
    0x080003c0   0x080003c0   0x00000078   Code   RO         2342    .text               c_w.l(_printf_dec.o)
    0x08000438   0x08000438   0x00000028   Code   RO         2344    .text               c_w.l(_printf_charcount.o)
    0x08000460   0x08000460   0x00000030   Code   RO         2346    .text               c_w.l(_printf_char_common.o)
    0x08000490   0x08000490   0x0000000a   Code   RO         2348    .text               c_w.l(_sputc.o)
    0x0800049a   0x0800049a   0x00000010   Code   RO         2350    .text               c_w.l(_snputc.o)
    0x080004aa   0x080004aa   0x00000002   PAD
    0x080004ac   0x080004ac   0x000000bc   Code   RO         2352    .text               c_w.l(_printf_wctomb.o)
    0x08000568   0x08000568   0x0000007c   Code   RO         2355    .text               c_w.l(_printf_longlong_dec.o)
    0x080005e4   0x080005e4   0x00000070   Code   RO         2361    .text               c_w.l(_printf_oct_int_ll.o)
    0x08000654   0x08000654   0x00000094   Code   RO         2381    .text               c_w.l(_printf_hex_int_ll_ptr.o)
    0x080006e8   0x080006e8   0x00000188   Code   RO         2401    .text               c_w.l(__printf_flags_ss_wp.o)
    0x08000870   0x08000870   0x0000008a   Code   RO         2450    .text               c_w.l(lludiv10.o)
    0x080008fa   0x080008fa   0x000000b2   Code   RO         2452    .text               c_w.l(_printf_intcommon.o)
    0x080009ac   0x080009ac   0x0000041e   Code   RO         2454    .text               c_w.l(_printf_fp_dec.o)
    0x08000dca   0x08000dca   0x00000002   PAD
    0x08000dcc   0x08000dcc   0x000002fc   Code   RO         2456    .text               c_w.l(_printf_fp_hex.o)
    0x080010c8   0x080010c8   0x0000002c   Code   RO         2461    .text               c_w.l(_printf_char.o)
    0x080010f4   0x080010f4   0x0000002c   Code   RO         2463    .text               c_w.l(_printf_wchar.o)
    0x08001120   0x08001120   0x00000040   Code   RO         2466    .text               c_w.l(_wcrtomb.o)
    0x08001160   0x08001160   0x0000004a   Code   RO         2468    .text               c_w.l(sys_stackheap_outer.o)
    0x080011aa   0x080011aa   0x00000002   PAD
    0x080011ac   0x080011ac   0x00000010   Code   RO         2470    .text               c_w.l(rt_ctype_table.o)
    0x080011bc   0x080011bc   0x00000008   Code   RO         2475    .text               c_w.l(rt_locale_intlibspace.o)
    0x080011c4   0x080011c4   0x00000080   Code   RO         2477    .text               c_w.l(_printf_fp_infnan.o)
    0x08001244   0x08001244   0x000000e4   Code   RO         2479    .text               c_w.l(bigflt0.o)
    0x08001328   0x08001328   0x00000012   Code   RO         2507    .text               c_w.l(exit.o)
    0x0800133a   0x0800133a   0x00000002   PAD
    0x0800133c   0x0800133c   0x00000008   Code   RO         2520    .text               c_w.l(libspace.o)
    0x08001344   0x08001344   0x00000080   Code   RO         2528    .text               c_w.l(strcmpv7m.o)
    0x080013c4   0x080013c4   0x0000000c   Code   RO         2586    .text               c_w.l(sys_exit.o)
    0x080013d0   0x080013d0   0x00000002   Code   RO         2597    .text               c_w.l(use_no_semi.o)
    0x080013d2   0x080013d2   0x00000000   Code   RO         2599    .text               c_w.l(indicate_semi.o)
    0x080013d2   0x080013d2   0x0000003e   Code   RO         2482    CL$$btod_d2e        c_w.l(btod.o)
    0x08001410   0x08001410   0x00000046   Code   RO         2484    CL$$btod_d2e_denorm_low  c_w.l(btod.o)
    0x08001456   0x08001456   0x00000060   Code   RO         2483    CL$$btod_d2e_norm_op1  c_w.l(btod.o)
    0x080014b6   0x080014b6   0x00000338   Code   RO         2492    CL$$btod_div_common  c_w.l(btod.o)
    0x080017ee   0x080017ee   0x000000dc   Code   RO         2489    CL$$btod_e2e        c_w.l(btod.o)
    0x080018ca   0x080018ca   0x0000002a   Code   RO         2486    CL$$btod_ediv       c_w.l(btod.o)
    0x080018f4   0x080018f4   0x0000002a   Code   RO         2485    CL$$btod_emul       c_w.l(btod.o)
    0x0800191e   0x0800191e   0x00000244   Code   RO         2491    CL$$btod_mult_common  c_w.l(btod.o)
    0x08001b62   0x08001b62   0x00000012   Code   RO          421    i.BCDToDec          ds3231.o
    0x08001b74   0x08001b74   0x00000002   Code   RO          273    i.BusFault_Handler  stm32f1xx_it.o
    0x08001b76   0x08001b76   0x00000002   PAD
    0x08001b78   0x08001b78   0x00000010   Code   RO          422    i.DS3231_IsReady    ds3231.o
    0x08001b88   0x08001b88   0x000000b4   Code   RO          423    i.DS3231_ReadTime   ds3231.o
    0x08001c3c   0x08001c3c   0x00000002   Code   RO          274    i.DebugMon_Handler  stm32f1xx_it.o
    0x08001c3e   0x08001c3e   0x00000002   PAD
    0x08001c40   0x08001c40   0x00000034   Code   RO           13    i.Debug_Printf      main.o
    0x08001c74   0x08001c74   0x00000004   Code   RO           14    i.Error_Handler     main.o
    0x08001c78   0x08001c78   0x00000024   Code   RO          953    i.HAL_Delay         stm32f1xx_hal.o
    0x08001c9c   0x08001c9c   0x000001e0   Code   RO         1263    i.HAL_GPIO_Init     stm32f1xx_hal_gpio.o
    0x08001e7c   0x08001e7c   0x0000000a   Code   RO         1267    i.HAL_GPIO_WritePin  stm32f1xx_hal_gpio.o
    0x08001e86   0x08001e86   0x00000002   PAD
    0x08001e88   0x08001e88   0x0000000c   Code   RO          957    i.HAL_GetTick       stm32f1xx_hal.o
    0x08001e94   0x08001e94   0x00000188   Code   RO          520    i.HAL_I2C_Init      stm32f1xx_hal_i2c.o
    0x0800201c   0x0800201c   0x0000016c   Code   RO          521    i.HAL_I2C_IsDeviceReady  stm32f1xx_hal_i2c.o
    0x08002188   0x08002188   0x0000025c   Code   RO          538    i.HAL_I2C_Mem_Read  stm32f1xx_hal_i2c.o
    0x080023e4   0x080023e4   0x0000005c   Code   RO          190    i.HAL_I2C_MspInit   i2c.o
    0x08002440   0x08002440   0x00000010   Code   RO          963    i.HAL_IncTick       stm32f1xx_hal.o
    0x08002450   0x08002450   0x00000024   Code   RO          964    i.HAL_Init          stm32f1xx_hal.o
    0x08002474   0x08002474   0x00000040   Code   RO          965    i.HAL_InitTick      stm32f1xx_hal.o
    0x080024b4   0x080024b4   0x0000003c   Code   RO          348    i.HAL_MspInit       stm32f1xx_hal_msp.o
    0x080024f0   0x080024f0   0x00000040   Code   RO         1429    i.HAL_NVIC_SetPriority  stm32f1xx_hal_cortex.o
    0x08002530   0x08002530   0x00000024   Code   RO         1430    i.HAL_NVIC_SetPriorityGrouping  stm32f1xx_hal_cortex.o
    0x08002554   0x08002554   0x0000012c   Code   RO         1121    i.HAL_RCC_ClockConfig  stm32f1xx_hal_rcc.o
    0x08002680   0x08002680   0x00000020   Code   RO         1128    i.HAL_RCC_GetPCLK1Freq  stm32f1xx_hal_rcc.o
    0x080026a0   0x080026a0   0x00000020   Code   RO         1129    i.HAL_RCC_GetPCLK2Freq  stm32f1xx_hal_rcc.o
    0x080026c0   0x080026c0   0x0000004c   Code   RO         1130    i.HAL_RCC_GetSysClockFreq  stm32f1xx_hal_rcc.o
    0x0800270c   0x0800270c   0x00000320   Code   RO         1133    i.HAL_RCC_OscConfig  stm32f1xx_hal_rcc.o
    0x08002a2c   0x08002a2c   0x00000028   Code   RO         1434    i.HAL_SYSTICK_Config  stm32f1xx_hal_cortex.o
    0x08002a54   0x08002a54   0x00000064   Code   RO         1953    i.HAL_UART_Init     stm32f1xx_hal_uart.o
    0x08002ab8   0x08002ab8   0x00000070   Code   RO          232    i.HAL_UART_MspInit  usart.o
    0x08002b28   0x08002b28   0x000000a0   Code   RO         1961    i.HAL_UART_Transmit  stm32f1xx_hal_uart.o
    0x08002bc8   0x08002bc8   0x00000002   Code   RO          275    i.HardFault_Handler  stm32f1xx_it.o
    0x08002bca   0x08002bca   0x0000002e   Code   RO          563    i.I2C_IsAcknowledgeFailed  stm32f1xx_hal_i2c.o
    0x08002bf8   0x08002bf8   0x000000fc   Code   RO          573    i.I2C_RequestMemoryRead  stm32f1xx_hal_i2c.o
    0x08002cf4   0x08002cf4   0x00000090   Code   RO          579    i.I2C_WaitOnFlagUntilTimeout  stm32f1xx_hal_i2c.o
    0x08002d84   0x08002d84   0x000000bc   Code   RO          580    i.I2C_WaitOnMasterAddressFlagUntilTimeout  stm32f1xx_hal_i2c.o
    0x08002e40   0x08002e40   0x00000070   Code   RO          581    i.I2C_WaitOnRXNEFlagUntilTimeout  stm32f1xx_hal_i2c.o
    0x08002eb0   0x08002eb0   0x00000056   Code   RO          582    i.I2C_WaitOnTXEFlagUntilTimeout  stm32f1xx_hal_i2c.o
    0x08002f06   0x08002f06   0x00000002   PAD
    0x08002f08   0x08002f08   0x00000070   Code   RO          165    i.MX_GPIO_Init      gpio.o
    0x08002f78   0x08002f78   0x00000040   Code   RO          191    i.MX_I2C1_Init      i2c.o
    0x08002fb8   0x08002fb8   0x00000038   Code   RO          233    i.MX_USART1_UART_Init  usart.o
    0x08002ff0   0x08002ff0   0x00000002   Code   RO          276    i.MemManage_Handler  stm32f1xx_it.o
    0x08002ff2   0x08002ff2   0x00000002   Code   RO          277    i.NMI_Handler       stm32f1xx_it.o
    0x08002ff4   0x08002ff4   0x00000002   Code   RO          278    i.PendSV_Handler    stm32f1xx_it.o
    0x08002ff6   0x08002ff6   0x00000002   Code   RO          279    i.SVC_Handler       stm32f1xx_it.o
    0x08002ff8   0x08002ff8   0x00000028   Code   RO          372    i.Stepper_Forward   stepper.o
    0x08003020   0x08003020   0x00000004   Code   RO          373    i.Stepper_Init      stepper.o
    0x08003024   0x08003024   0x00000068   Code   RO          374    i.Stepper_Output    stepper.o
    0x0800308c   0x0800308c   0x00000034   Code   RO          375    i.Stepper_Release   stepper.o
    0x080030c0   0x080030c0   0x00000004   Code   RO          280    i.SysTick_Handler   stm32f1xx_it.o
    0x080030c4   0x080030c4   0x0000005e   Code   RO           15    i.SystemClock_Config  main.o
    0x08003122   0x08003122   0x00000002   Code   RO         2287    i.SystemInit        system_stm32f1xx.o
    0x08003124   0x08003124   0x0000004e   Code   RO         1976    i.UART_EndRxTransfer  stm32f1xx_hal_uart.o
    0x08003172   0x08003172   0x00000002   PAD
    0x08003174   0x08003174   0x000000b8   Code   RO         1979    i.UART_SetConfig    stm32f1xx_hal_uart.o
    0x0800322c   0x0800322c   0x00000072   Code   RO         1982    i.UART_WaitOnFlagUntilTimeout  stm32f1xx_hal_uart.o
    0x0800329e   0x0800329e   0x00000002   Code   RO          281    i.UsageFault_Handler  stm32f1xx_it.o
    0x080032a0   0x080032a0   0x00000028   Code   RO         2518    i.__ARM_fpclassify  m_ws.l(fpclassify.o)
    0x080032c8   0x080032c8   0x00000020   Code   RO         1436    i.__NVIC_SetPriority  stm32f1xx_hal_cortex.o
    0x080032e8   0x080032e8   0x0000000e   Code   RO         2394    i._is_digit         c_w.l(__printf_wp.o)
    0x080032f6   0x080032f6   0x00000002   PAD
    0x080032f8   0x080032f8   0x0000016c   Code   RO           16    i.main              main.o
    0x08003464   0x08003464   0x0000002c   Code   RO         2505    locale$$code        c_w.l(lc_numeric_c.o)
    0x08003490   0x08003490   0x0000002c   Code   RO         2526    locale$$code        c_w.l(lc_ctype_c.o)
    0x080034bc   0x080034bc   0x00000004   Code   RO         2427    x$fpl$printf1       fz_ws.l(printf1.o)
    0x080034c0   0x080034c0   0x00000004   Code   RO         2429    x$fpl$printf2       fz_ws.l(printf2.o)
    0x080034c4   0x080034c4   0x00000000   Code   RO         2517    x$fpl$usenofp       fz_ws.l(usenofp.o)
    0x080034c4   0x080034c4   0x00000020   Data   RO          377    .constdata          stepper.o
    0x080034e4   0x080034e4   0x00000012   Data   RO         1134    .constdata          stm32f1xx_hal_rcc.o
    0x080034f6   0x080034f6   0x00000010   Data   RO         2288    .constdata          system_stm32f1xx.o
    0x08003506   0x08003506   0x00000008   Data   RO         2289    .constdata          system_stm32f1xx.o
    0x0800350e   0x0800350e   0x00000002   PAD
    0x08003510   0x08003510   0x00000008   Data   RO         2353    .constdata          c_w.l(_printf_wctomb.o)
    0x08003518   0x08003518   0x00000028   Data   RO         2382    .constdata          c_w.l(_printf_hex_int_ll_ptr.o)
    0x08003540   0x08003540   0x00000011   Data   RO         2402    .constdata          c_w.l(__printf_flags_ss_wp.o)
    0x08003551   0x08003551   0x00000026   Data   RO         2457    .constdata          c_w.l(_printf_fp_hex.o)
    0x08003577   0x08003577   0x00000001   PAD
    0x08003578   0x08003578   0x00000094   Data   RO         2480    .constdata          c_w.l(bigflt0.o)
    0x0800360c   0x0800360c   0x00000020   Data   RO         2654    Region$$Table       anon$$obj.o
    0x0800362c   0x0800362c   0x0000001c   Data   RO         2504    locale$$data        c_w.l(lc_numeric_c.o)
    0x08003648   0x08003648   0x00000110   Data   RO         2525    locale$$data        c_w.l(lc_ctype_c.o)


    Execution Region RW_IRAM1 (Exec base: 0x20000000, Load base: 0x08003758, Size: 0x00000720, Max: 0x00005000, ABSOLUTE)

    Exec Addr    Load Addr    Size         Type   Attr      Idx    E Section Name        Object

    0x20000000   0x08003758   0x00000010   Data   RW           17    .data               main.o
    0x20000010   0x08003768   0x0000000c   Data   RW          971    .data               stm32f1xx_hal.o
    0x2000001c   0x08003774   0x00000004   Data   RW         2290    .data               system_stm32f1xx.o
    0x20000020        -       0x00000054   Zero   RW          192    .bss                i2c.o
    0x20000074        -       0x00000048   Zero   RW          234    .bss                usart.o
    0x200000bc        -       0x00000060   Zero   RW         2521    .bss                c_w.l(libspace.o)
    0x2000011c   0x08003778   0x00000004   PAD
    0x20000120        -       0x00000200   Zero   RW            2    HEAP                startup_stm32f103xb.o
    0x20000320        -       0x00000400   Zero   RW            1    STACK               startup_stm32f103xb.o


==============================================================================

Image component sizes


      Code (inc. data)   RO Data    RW Data    ZI Data      Debug   Object Name

       214          8          0          0          0       2143   ds3231.o
       112          8          0          0          0        919   gpio.o
       156         26          0          0         84       1633   i2c.o
       514        168          0         16          0     405924   main.o
        64         26        236          0       1536        812   startup_stm32f103xb.o
       200         12         32          0          0       2555   stepper.o
       164         28          0         12          0       5909   stm32f1xx_hal.o
       172         14          0          0          0      28298   stm32f1xx_hal_cortex.o
       490         34          0          0          0       2892   stm32f1xx_hal_gpio.o
      2188         50          0          0          0      11422   stm32f1xx_hal_i2c.o
        60          8          0          0          0        878   stm32f1xx_hal_msp.o
      1240         84         18          0          0       5116   stm32f1xx_hal_rcc.o
       636          6          0          0          0       4648   stm32f1xx_hal_uart.o
        20          0          0          0          0       3878   stm32f1xx_it.o
         2          0         24          4          0       1119   system_stm32f1xx.o
       168         20          0          0         72       1678   usart.o

    ----------------------------------------------------------------------
      6410        492        344         32       1692     479824   Object Totals
         0          0         32          0          0          0   (incl. Generated)
        10          0          2          0          0          0   (incl. Padding)

    ----------------------------------------------------------------------

      Code (inc. data)   RO Data    RW Data    ZI Data      Debug   Library Member Name

         8          0          0          0          0         68   __main.o
       392          4         17          0          0         92   __printf_flags_ss_wp.o
        14          0          0          0          0         68   __printf_wp.o
         0          0          0          0          0          0   __rtentry.o
        12          0          0          0          0          0   __rtentry2.o
         6          0          0          0          0          0   __rtentry4.o
        52          8          0          0          0          0   __scatter.o
        26          0          0          0          0          0   __scatter_copy.o
        28          0          0          0          0          0   __scatter_zi.o
         6          0          0          0          0          0   _printf_a.o
         6          0          0          0          0          0   _printf_c.o
        44          0          0          0          0        108   _printf_char.o
        48          6          0          0          0         96   _printf_char_common.o
        40          0          0          0          0         68   _printf_charcount.o
         6          0          0          0          0          0   _printf_d.o
       120         16          0          0          0         92   _printf_dec.o
         6          0          0          0          0          0   _printf_e.o
         6          0          0          0          0          0   _printf_f.o
      1054          0          0          0          0        216   _printf_fp_dec.o
       764          8         38          0          0        100   _printf_fp_hex.o
       128         16          0          0          0         84   _printf_fp_infnan.o
         6          0          0          0          0          0   _printf_g.o
       148          4         40          0          0        160   _printf_hex_int_ll_ptr.o
         6          0          0          0          0          0   _printf_i.o
       178          0          0          0          0         88   _printf_intcommon.o
        10          0          0          0          0          0   _printf_l.o
         6          0          0          0          0          0   _printf_lc.o
        10          0          0          0          0          0   _printf_ll.o
         6          0          0          0          0          0   _printf_lld.o
         6          0          0          0          0          0   _printf_lli.o
         6          0          0          0          0          0   _printf_llo.o
         6          0          0          0          0          0   _printf_llu.o
         6          0          0          0          0          0   _printf_llx.o
       124         16          0          0          0         92   _printf_longlong_dec.o
         6          0          0          0          0          0   _printf_ls.o
         6          0          0          0          0          0   _printf_n.o
         6          0          0          0          0          0   _printf_o.o
       112         10          0          0          0        124   _printf_oct_int_ll.o
         6          0          0          0          0          0   _printf_p.o
        78          0          0          0          0        108   _printf_pad.o
         0          0          0          0          0          0   _printf_percent.o
         4          0          0          0          0          0   _printf_percent_end.o
         6          0          0          0          0          0   _printf_s.o
        82          0          0          0          0         80   _printf_str.o
        36          0          0          0          0         84   _printf_truncate.o
         6          0          0          0          0          0   _printf_u.o
        44          0          0          0          0        108   _printf_wchar.o
       188          6          8          0          0         92   _printf_wctomb.o
         6          0          0          0          0          0   _printf_x.o
        16          0          0          0          0         68   _snputc.o
        10          0          0          0          0         68   _sputc.o
        64          0          0          0          0         92   _wcrtomb.o
       228          4        148          0          0         96   bigflt0.o
      1936        128          0          0          0        672   btod.o
        18          0          0          0          0         80   exit.o
         6          0          0          0          0        152   heapauxi.o
         0          0          0          0          0          0   indicate_semi.o
        44         10        272          0          0         76   lc_ctype_c.o
        44         10         28          0          0         76   lc_numeric_c.o
         2          0          0          0          0          0   libinit.o
        30          0          0          0          0          0   libinit2.o
         2          0          0          0          0          0   libshutdown.o
         2          0          0          0          0          0   libshutdown2.o
         8          4          0          0         96         68   libspace.o
       138          0          0          0          0         80   lludiv10.o
        16          4          0          0          0         76   rt_ctype_table.o
         8          4          0          0          0         68   rt_locale_intlibspace.o
        78          0          0          0          0         80   rt_memclr_w.o
         2          0          0          0          0          0   rtexit.o
        10          0          0          0          0          0   rtexit2.o
       128          0          0          0          0         68   strcmpv7m.o
        12          4          0          0          0         68   sys_exit.o
        74          0          0          0          0         80   sys_stackheap_outer.o
         2          0          0          0          0         68   use_no_semi.o
        52          4          0          0          0         80   vsnprintf.o
         4          0          0          0          0         68   printf1.o
         4          0          0          0          0         68   printf2.o
         0          0          0          0          0          0   usenofp.o
        40          0          0          0          0         68   fpclassify.o

    ----------------------------------------------------------------------
      6862        266        552          0        100       4248   Library Totals
        14          0          1          0          4          0   (incl. Padding)

    ----------------------------------------------------------------------

      Code (inc. data)   RO Data    RW Data    ZI Data      Debug   Library Name

      6800        266        551          0         96       4044   c_w.l
         8          0          0          0          0        136   fz_ws.l
        40          0          0          0          0         68   m_ws.l

    ----------------------------------------------------------------------
      6862        266        552          0        100       4248   Library Totals

    ----------------------------------------------------------------------

==============================================================================


      Code (inc. data)   RO Data    RW Data    ZI Data      Debug   

     13272        758        896         32       1792     478972   Grand Totals
     13272        758        896         32       1792     478972   ELF Image Totals
     13272        758        896         32          0          0   ROM Totals

==============================================================================

    Total RO  Size (Code + RO Data)                14168 (  13.84kB)
    Total RW  Size (RW Data + ZI Data)              1824 (   1.78kB)
    Total ROM Size (Code + RO Data + RW Data)      14200 (  13.87kB)

==============================================================================

